Archive member included to satisfy reference by file (symbol)

c:/st/stm32cubeide_1.1.0/stm32cubeide/plugins/com.st.stm32cube.ide.mcu.externaltools.gnu-tools-for-stm32.7-2018-q2-update.win32_1.0.0.201904181610/tools/bin/../lib/gcc/arm-none-eabi/7.3.1/../../../../arm-none-eabi/lib/thumb/v7-m\libc_nano.a(lib_a-errno.o)
                              Core/Src/syscalls.o (__errno)
c:/st/stm32cubeide_1.1.0/stm32cubeide/plugins/com.st.stm32cube.ide.mcu.externaltools.gnu-tools-for-stm32.7-2018-q2-update.win32_1.0.0.201904181610/tools/bin/../lib/gcc/arm-none-eabi/7.3.1/../../../../arm-none-eabi/lib/thumb/v7-m\libc_nano.a(lib_a-exit.o)
                              c:/st/stm32cubeide_1.1.0/stm32cubeide/plugins/com.st.stm32cube.ide.mcu.externaltools.gnu-tools-for-stm32.7-2018-q2-update.win32_1.0.0.201904181610/tools/bin/../lib/gcc/arm-none-eabi/7.3.1/../../../../arm-none-eabi/lib/thumb/v7-m/crt0.o (exit)
c:/st/stm32cubeide_1.1.0/stm32cubeide/plugins/com.st.stm32cube.ide.mcu.externaltools.gnu-tools-for-stm32.7-2018-q2-update.win32_1.0.0.201904181610/tools/bin/../lib/gcc/arm-none-eabi/7.3.1/../../../../arm-none-eabi/lib/thumb/v7-m\libc_nano.a(lib_a-impure.o)
                              c:/st/stm32cubeide_1.1.0/stm32cubeide/plugins/com.st.stm32cube.ide.mcu.externaltools.gnu-tools-for-stm32.7-2018-q2-update.win32_1.0.0.201904181610/tools/bin/../lib/gcc/arm-none-eabi/7.3.1/../../../../arm-none-eabi/lib/thumb/v7-m\libc_nano.a(lib_a-exit.o) (_global_impure_ptr)
c:/st/stm32cubeide_1.1.0/stm32cubeide/plugins/com.st.stm32cube.ide.mcu.externaltools.gnu-tools-for-stm32.7-2018-q2-update.win32_1.0.0.201904181610/tools/bin/../lib/gcc/arm-none-eabi/7.3.1/../../../../arm-none-eabi/lib/thumb/v7-m\libc_nano.a(lib_a-init.o)
                              c:/st/stm32cubeide_1.1.0/stm32cubeide/plugins/com.st.stm32cube.ide.mcu.externaltools.gnu-tools-for-stm32.7-2018-q2-update.win32_1.0.0.201904181610/tools/bin/../lib/gcc/arm-none-eabi/7.3.1/../../../../arm-none-eabi/lib/thumb/v7-m/crt0.o (__libc_init_array)
c:/st/stm32cubeide_1.1.0/stm32cubeide/plugins/com.st.stm32cube.ide.mcu.externaltools.gnu-tools-for-stm32.7-2018-q2-update.win32_1.0.0.201904181610/tools/bin/../lib/gcc/arm-none-eabi/7.3.1/../../../../arm-none-eabi/lib/thumb/v7-m\libc_nano.a(lib_a-malloc.o)
                              CommonSrc/LCD_I2C.o (malloc)
c:/st/stm32cubeide_1.1.0/stm32cubeide/plugins/com.st.stm32cube.ide.mcu.externaltools.gnu-tools-for-stm32.7-2018-q2-update.win32_1.0.0.201904181610/tools/bin/../lib/gcc/arm-none-eabi/7.3.1/../../../../arm-none-eabi/lib/thumb/v7-m\libc_nano.a(lib_a-memset.o)
                              c:/st/stm32cubeide_1.1.0/stm32cubeide/plugins/com.st.stm32cube.ide.mcu.externaltools.gnu-tools-for-stm32.7-2018-q2-update.win32_1.0.0.201904181610/tools/bin/../lib/gcc/arm-none-eabi/7.3.1/../../../../arm-none-eabi/lib/thumb/v7-m/crt0.o (memset)
c:/st/stm32cubeide_1.1.0/stm32cubeide/plugins/com.st.stm32cube.ide.mcu.externaltools.gnu-tools-for-stm32.7-2018-q2-update.win32_1.0.0.201904181610/tools/bin/../lib/gcc/arm-none-eabi/7.3.1/../../../../arm-none-eabi/lib/thumb/v7-m\libc_nano.a(lib_a-nano-freer.o)
                              c:/st/stm32cubeide_1.1.0/stm32cubeide/plugins/com.st.stm32cube.ide.mcu.externaltools.gnu-tools-for-stm32.7-2018-q2-update.win32_1.0.0.201904181610/tools/bin/../lib/gcc/arm-none-eabi/7.3.1/../../../../arm-none-eabi/lib/thumb/v7-m\libc_nano.a(lib_a-malloc.o) (_free_r)
c:/st/stm32cubeide_1.1.0/stm32cubeide/plugins/com.st.stm32cube.ide.mcu.externaltools.gnu-tools-for-stm32.7-2018-q2-update.win32_1.0.0.201904181610/tools/bin/../lib/gcc/arm-none-eabi/7.3.1/../../../../arm-none-eabi/lib/thumb/v7-m\libc_nano.a(lib_a-nano-mallocr.o)
                              c:/st/stm32cubeide_1.1.0/stm32cubeide/plugins/com.st.stm32cube.ide.mcu.externaltools.gnu-tools-for-stm32.7-2018-q2-update.win32_1.0.0.201904181610/tools/bin/../lib/gcc/arm-none-eabi/7.3.1/../../../../arm-none-eabi/lib/thumb/v7-m\libc_nano.a(lib_a-malloc.o) (_malloc_r)
c:/st/stm32cubeide_1.1.0/stm32cubeide/plugins/com.st.stm32cube.ide.mcu.externaltools.gnu-tools-for-stm32.7-2018-q2-update.win32_1.0.0.201904181610/tools/bin/../lib/gcc/arm-none-eabi/7.3.1/../../../../arm-none-eabi/lib/thumb/v7-m\libc_nano.a(lib_a-sbrkr.o)
                              c:/st/stm32cubeide_1.1.0/stm32cubeide/plugins/com.st.stm32cube.ide.mcu.externaltools.gnu-tools-for-stm32.7-2018-q2-update.win32_1.0.0.201904181610/tools/bin/../lib/gcc/arm-none-eabi/7.3.1/../../../../arm-none-eabi/lib/thumb/v7-m\libc_nano.a(lib_a-nano-mallocr.o) (_sbrk_r)
c:/st/stm32cubeide_1.1.0/stm32cubeide/plugins/com.st.stm32cube.ide.mcu.externaltools.gnu-tools-for-stm32.7-2018-q2-update.win32_1.0.0.201904181610/tools/bin/../lib/gcc/arm-none-eabi/7.3.1/../../../../arm-none-eabi/lib/thumb/v7-m\libc_nano.a(lib_a-strcpy.o)
                              CommonSrc/LCD_I2C.o (strcpy)
[...]
Memory Configuration

Name             Origin             Length             Attributes
RAM              0x0000000020000000 0x0000000000005000 xrw
FLASH            0x0000000008000000 0x0000000000020000 xr
*default*        0x0000000000000000 0xffffffffffffffff

Linker script and memory map

LOAD c:/st/stm32cubeide_1.1.0/stm32cubeide/plugins/com.st.stm32cube.ide.mcu.externaltools.gnu-tools-for-stm32.7-2018-q2-update.win32_1.0.0.201904181610/tools/bin/../lib/gcc/arm-none-eabi/7.3.1/thumb/v7-m/crti.o
LOAD c:/st/stm32cubeide_1.1.0/stm32cubeide/plugins/com.st.stm32cube.ide.mcu.externaltools.gnu-tools-for-stm32.7-2018-q2-update.win32_1.0.0.201904181610/tools/bin/../lib/gcc/arm-none-eabi/7.3.1/thumb/v7-m/crtbegin.o
LOAD c:/st/stm32cubeide_1.1.0/stm32cubeide/plugins/com.st.stm32cube.ide.mcu.externaltools.gnu-tools-for-stm32.7-2018-q2-update.win32_1.0.0.201904181610/tools/bin/../lib/gcc/arm-none-eabi/7.3.1/../../../../arm-none-eabi/lib/thumb/v7-m/crt0.o
LOAD CommonSrc/DS18B20_One_Wire.o
LOAD CommonSrc/HAL_Functions.o
LOAD CommonSrc/LCD_I2C.o
LOAD CommonSrc/main_loop.o
LOAD CommonSrc/temperature.o
LOAD CommonSrc/timer.o
LOAD Core/Src/main.o
LOAD Core/Src/stm32f1xx_hal_msp.o
LOAD Core/Src/stm32f1xx_it.o
LOAD Core/Src/syscalls.o
LOAD Core/Src/sysmem.o
LOAD Core/Src/system_stm32f1xx.o
LOAD Core/Startup/startup_stm32f103rbtx.o
LOAD Drivers/STM32F1xx_HAL_Driver/Src/stm32f1xx_hal.o
LOAD Drivers/STM32F1xx_HAL_Driver/Src/stm32f1xx_hal_adc.o
LOAD Drivers/STM32F1xx_HAL_Driver/Src/stm32f1xx_hal_adc_ex.o
LOAD Drivers/STM32F1xx_HAL_Driver/Src/stm32f1xx_hal_cortex.o
LOAD Drivers/STM32F1xx_HAL_Driver/Src/stm32f1xx_hal_dma.o
LOAD Drivers/STM32F1xx_HAL_Driver/Src/stm32f1xx_hal_exti.o
LOAD Drivers/STM32F1xx_HAL_Driver/Src/stm32f1xx_hal_flash.o
LOAD Drivers/STM32F1xx_HAL_Driver/Src/stm32f1xx_hal_flash_ex.o
LOAD Drivers/STM32F1xx_HAL_Driver/Src/stm32f1xx_hal_gpio.o
LOAD Drivers/STM32F1xx_HAL_Driver/Src/stm32f1xx_hal_gpio_ex.o
LOAD Drivers/STM32F1xx_HAL_Driver/Src/stm32f1xx_hal_i2c.o
LOAD Drivers/STM32F1xx_HAL_Driver/Src/stm32f1xx_hal_pwr.o
LOAD Drivers/STM32F1xx_HAL_Driver/Src/stm32f1xx_hal_rcc.o
LOAD Drivers/STM32F1xx_HAL_Driver/Src/stm32f1xx_hal_rcc_ex.o
LOAD Drivers/STM32F1xx_HAL_Driver/Src/stm32f1xx_hal_tim.o
LOAD Drivers/STM32F1xx_HAL_Driver/Src/stm32f1xx_hal_tim_ex.o
START GROUP
LOAD c:/st/stm32cubeide_1.1.0/stm32cubeide/plugins/com.st.stm32cube.ide.mcu.externaltools.gnu-tools-for-stm32.7-2018-q2-update.win32_1.0.0.201904181610/tools/bin/../lib/gcc/arm-none-eabi/7.3.1/../../../../arm-none-eabi/lib/thumb/v7-m\libc_nano.a
LOAD c:/st/stm32cubeide_1.1.0/stm32cubeide/plugins/com.st.stm32cube.ide.mcu.externaltools.gnu-tools-for-stm32.7-2018-q2-update.win32_1.0.0.201904181610/tools/bin/../lib/gcc/arm-none-eabi/7.3.1/../../../../arm-none-eabi/lib/thumb/v7-m\libm.a
END GROUP
START GROUP
LOAD c:/st/stm32cubeide_1.1.0/stm32cubeide/plugins/com.st.stm32cube.ide.mcu.externaltools.gnu-tools-for-stm32.7-2018-q2-update.win32_1.0.0.201904181610/tools/bin/../lib/gcc/arm-none-eabi/7.3.1/thumb/v7-m\libgcc.a
LOAD c:/st/stm32cubeide_1.1.0/stm32cubeide/plugins/com.st.stm32cube.ide.mcu.externaltools.gnu-tools-for-stm32.7-2018-q2-update.win32_1.0.0.201904181610/tools/bin/../lib/gcc/arm-none-eabi/7.3.1/../../../../arm-none-eabi/lib/thumb/v7-m\libc_nano.a
END GROUP
START GROUP
LOAD c:/st/stm32cubeide_1.1.0/stm32cubeide/plugins/com.st.stm32cube.ide.mcu.externaltools.gnu-tools-for-stm32.7-2018-q2-update.win32_1.0.0.201904181610/tools/bin/../lib/gcc/arm-none-eabi/7.3.1/thumb/v7-m\libgcc.a
LOAD c:/st/stm32cubeide_1.1.0/stm32cubeide/plugins/com.st.stm32cube.ide.mcu.externaltools.gnu-tools-for-stm32.7-2018-q2-update.win32_1.0.0.201904181610/tools/bin/../lib/gcc/arm-none-eabi/7.3.1/../../../../arm-none-eabi/lib/thumb/v7-m\libc_nano.a
LOAD c:/st/stm32cubeide_1.1.0/stm32cubeide/plugins/com.st.stm32cube.ide.mcu.externaltools.gnu-tools-for-stm32.7-2018-q2-update.win32_1.0.0.201904181610/tools/bin/../lib/gcc/arm-none-eabi/7.3.1/../../../../arm-none-eabi/lib/thumb/v7-m\libnosys.a
END GROUP
START GROUP
LOAD c:/st/stm32cubeide_1.1.0/stm32cubeide/plugins/com.st.stm32cube.ide.mcu.externaltools.gnu-tools-for-stm32.7-2018-q2-update.win32_1.0.0.201904181610/tools/bin/../lib/gcc/arm-none-eabi/7.3.1/thumb/v7-m\libgcc.a
LOAD c:/st/stm32cubeide_1.1.0/stm32cubeide/plugins/com.st.stm32cube.ide.mcu.externaltools.gnu-tools-for-stm32.7-2018-q2-update.win32_1.0.0.201904181610/tools/bin/../lib/gcc/arm-none-eabi/7.3.1/../../../../arm-none-eabi/lib/thumb/v7-m\libc_nano.a
LOAD c:/st/stm32cubeide_1.1.0/stm32cubeide/plugins/com.st.stm32cube.ide.mcu.externaltools.gnu-tools-for-stm32.7-2018-q2-update.win32_1.0.0.201904181610/tools/bin/../lib/gcc/arm-none-eabi/7.3.1/../../../../arm-none-eabi/lib/thumb/v7-m\libnosys.a
END GROUP
LOAD c:/st/stm32cubeide_1.1.0/stm32cubeide/plugins/com.st.stm32cube.ide.mcu.externaltools.gnu-tools-for-stm32.7-2018-q2-update.win32_1.0.0.201904181610/tools/bin/../lib/gcc/arm-none-eabi/7.3.1/thumb/v7-m/crtend.o
LOAD c:/st/stm32cubeide_1.1.0/stm32cubeide/plugins/com.st.stm32cube.ide.mcu.externaltools.gnu-tools-for-stm32.7-2018-q2-update.win32_1.0.0.201904181610/tools/bin/../lib/gcc/arm-none-eabi/7.3.1/thumb/v7-m/crtn.o
                0x0000000020005000                _estack = (ORIGIN (RAM) + LENGTH (RAM))
                0x0000000000000200                _Min_Heap_Size = 0x200
                0x0000000000000400                _Min_Stack_Size = 0x400

.isr_vector     0x0000000008000000      0x10c
                0x0000000008000000                . = ALIGN (0x4)
 *(.isr_vector)
 .isr_vector    0x0000000008000000      0x10c Core/Startup/startup_stm32f103rbtx.o
                0x0000000008000000                g_pfnVectors
                0x000000000800010c                . = ALIGN (0x4)

.text           0x000000000800010c     0x339c
                0x000000000800010c                . = ALIGN (0x4)
 *(.text)
 .text          0x000000000800010c       0x40 c:/st/stm32cubeide_1.1.0/stm32cubeide/plugins/com.st.stm32cube.ide.mcu.externaltools.gnu-tools-for-stm32.7-2018-q2-update.win32_1.0.0.201904181610/tools/bin/../lib/gcc/arm-none-eabi/7.3.1/thumb/v7-m/crtbegin.o
 .text          0x000000000800014c      0x378 c:/st/stm32cubeide_1.1.0/stm32cubeide/plugins/com.st.stm32cube.ide.mcu.externaltools.gnu-tools-for-stm32.7-2018-q2-update.win32_1.0.0.201904181610/tools/bin/../lib/gcc/arm-none-eabi/7.3.1/thumb/v7-m\libgcc.a(_arm_addsubdf3.o)
                0x000000000800014c                __aeabi_drsub
                0x0000000008000154                __aeabi_dsub
                0x0000000008000154                __subdf3
                0x0000000008000158                __aeabi_dadd
                0x0000000008000158                __adddf3
                0x00000000080003d0                __floatunsidf
                0x00000000080003d0                __aeabi_ui2d
                0x00000000080003f0                __floatsidf
                0x00000000080003f0                __aeabi_i2d
                0x0000000008000414                __aeabi_f2d
                0x0000000008000414                __extendsfdf2
                0x0000000008000458                __floatundidf
                0x0000000008000458                __aeabi_ul2d
                0x0000000008000468                __floatdidf
                0x0000000008000468                __aeabi_l2d
 .text          0x00000000080004c4      0x424 c:/st/stm32cubeide_1.1.0/stm32cubeide/plugins/com.st.stm32cube.ide.mcu.externaltools.gnu-tools-for-stm32.7-2018-q2-update.win32_1.0.0.201904181610/tools/bin/../lib/gcc/arm-none-eabi/7.3.1/thumb/v7-m\libgcc.a(_arm_muldivdf3.o)
                0x00000000080004c4                __aeabi_dmul
                0x00000000080004c4                __muldf3
                0x0000000008000718                __divdf3
                0x0000000008000718                __aeabi_ddiv
 .text          0x00000000080008e8       0xa0 c:/st/stm32cubeide_1.1.0/stm32cubeide/plugins/com.st.stm32cube.ide.mcu.externaltools.gnu-tools-for-stm32.7-2018-q2-update.win32_1.0.0.201904181610/tools/bin/../lib/gcc/arm-none-eabi/7.3.1/thumb/v7-m\libgcc.a(_arm_truncdfsf2.o)
                0x00000000080008e8                __truncdfsf2
                0x00000000080008e8                __aeabi_d2f
 .text          0x0000000008000988      0x21c c:/st/stm32cubeide_1.1.0/stm32cubeide/plugins/com.st.stm32cube.ide.mcu.externaltools.gnu-tools-for-stm32.7-2018-q2-update.win32_1.0.0.201904181610/tools/bin/../lib/gcc/arm-none-eabi/7.3.1/thumb/v7-m\libgcc.a(_arm_addsubsf3.o)
                0x0000000008000988                __aeabi_frsub
                0x0000000008000990                __subsf3
                0x0000000008000990                __aeabi_fsub
                0x0000000008000994                __aeabi_fadd
                0x0000000008000994                __addsf3
                0x0000000008000af4                __aeabi_ui2f
                0x0000000008000af4                __floatunsisf
                0x0000000008000afc                __aeabi_i2f
                0x0000000008000afc                __floatsisf
                0x0000000008000b18                __aeabi_ul2f
                0x0000000008000b18                __floatundisf
                0x0000000008000b28                __aeabi_l2f
                0x0000000008000b28                __floatdisf
 .text          0x0000000008000ba4      0x2a0 c:/st/stm32cubeide_1.1.0/stm32cubeide/plugins/com.st.stm32cube.ide.mcu.externaltools.gnu-tools-for-stm32.7-2018-q2-update.win32_1.0.0.201904181610/tools/bin/../lib/gcc/arm-none-eabi/7.3.1/thumb/v7-m\libgcc.a(_arm_muldivsf3.o)
                0x0000000008000ba4                __mulsf3
                0x0000000008000ba4                __aeabi_fmul
                0x0000000008000d0c                __aeabi_fdiv
                0x0000000008000d0c                __divsf3
 *(.text*)
 .text.DS18B20_Reset
                0x0000000008000e44       0x48 CommonSrc/DS18B20_One_Wire.o
 .text.DS18B20_Write
                0x0000000008000e8c       0x6c CommonSrc/DS18B20_One_Wire.o
 .text.DS18B20_Convert_Temperature
                0x0000000008000ef8       0x30 CommonSrc/DS18B20_One_Wire.o
 .text.DS18B20_Init
                0x0000000008000f28       0x34 CommonSrc/DS18B20_One_Wire.o
                0x0000000008000f28                DS18B20_Init
 .text.Hardware_Init
                0x0000000008000f5c       0x38 CommonSrc/HAL_Functions.o
                0x0000000008000f5c                Hardware_Init
 .text.Timers_Callback_Service
                0x0000000008000f94       0x18 CommonSrc/HAL_Functions.o
                0x0000000008000f94                Timers_Callback_Service
 .text.Transmit_For_LCD
                0x0000000008000fac       0x20 CommonSrc/HAL_Functions.o
                0x0000000008000fac                Transmit_For_LCD
 .text.Delay_In_Milis
                0x0000000008000fcc        0x8 CommonSrc/HAL_Functions.o
                0x0000000008000fcc                Delay_In_Milis
 .text.I2C_Reinit_For_LCD
                0x0000000008000fd4       0x1c CommonSrc/HAL_Functions.o
                0x0000000008000fd4                I2C_Reinit_For_LCD
 .text.Delays_us
                0x0000000008000ff0       0x18 CommonSrc/HAL_Functions.o
                0x0000000008000ff0                Delays_us
 .text.Set_Pin_Output
                0x0000000008001008       0x34 CommonSrc/HAL_Functions.o
                0x0000000008001008                Set_Pin_Output
 .text.Set_Pin_Input
                0x000000000800103c       0x34 CommonSrc/HAL_Functions.o
                0x000000000800103c                Set_Pin_Input
 .text.Write_Pin
                0x0000000008001070       0x20 CommonSrc/HAL_Functions.o
                0x0000000008001070                Write_Pin
 .text.Read_Pin
                0x0000000008001090       0x20 CommonSrc/HAL_Functions.o
                0x0000000008001090                Read_Pin
 .text.LCD_Send_Cmd
                0x00000000080010b0       0x60 CommonSrc/LCD_I2C.o
 .text.LCD_Send_Data
                0x0000000008001110       0x48 CommonSrc/LCD_I2C.o
 .text.Set_Own_Characters
                0x0000000008001158       0x34 CommonSrc/LCD_I2C.o
 .text.LCD_Set_Shifting_Time
                0x000000000800118c        0xc CommonSrc/LCD_I2C.o
                0x000000000800118c                LCD_Set_Shifting_Time
 .text.LCD_Clear
                0x0000000008001198       0x18 CommonSrc/LCD_I2C.o
                0x0000000008001198                LCD_Clear
 .text.Communication_Init
                0x00000000080011b0       0x8c CommonSrc/LCD_I2C.o
 .text.LCD_I2C_Init
                0x000000000800123c       0x14 CommonSrc/LCD_I2C.o
                0x000000000800123c                LCD_I2C_Init
 .text.Initialize
                0x0000000008001250       0x58 CommonSrc/main_loop.o
                0x0000000008001250                Initialize
 .text.Main_Loop
                0x00000000080012a8        0x2 CommonSrc/main_loop.o
                0x00000000080012a8                Main_Loop
 *fill*         0x00000000080012aa        0x2 
 .text.Temperature_Service
                0x00000000080012ac       0xa8 CommonSrc/temperature.o
                0x00000000080012ac                Temperature_Service
 .text.Time_Service
                0x0000000008001354       0x4c CommonSrc/timer.o
                0x0000000008001354                Time_Service
 .text.Get_Sys_Time
                0x00000000080013a0        0xc CommonSrc/timer.o
                0x00000000080013a0                Get_Sys_Time
 .text.MX_GPIO_Init
                0x00000000080013ac      0x104 Core/Src/main.o
 .text.MX_TIM3_Init
                0x00000000080014b0       0x58 Core/Src/main.o
 .text.MX_TIM2_Init
                0x0000000008001508       0x5c Core/Src/main.o
 .text.MX_I2C1_Init
                0x0000000008001564       0x34 Core/Src/main.o
 .text.MX_ADC1_Init
                0x0000000008001598       0x60 Core/Src/main.o
 .text.SystemClock_Config
                0x00000000080015f8       0x68 Core/Src/main.o
                0x00000000080015f8                SystemClock_Config
 .text.main     0x0000000008001660       0x40 Core/Src/main.o
                0x0000000008001660                main
 .text.HAL_TIM_PeriodElapsedCallback
                0x00000000080016a0        0x8 Core/Src/main.o
                0x00000000080016a0                HAL_TIM_PeriodElapsedCallback
 .text.HAL_ADC_ConvCpltCallback
                0x00000000080016a8        0xc Core/Src/main.o
                0x00000000080016a8                HAL_ADC_ConvCpltCallback
 .text.HAL_MspInit
                0x00000000080016b4       0x44 Core/Src/stm32f1xx_hal_msp.o
                0x00000000080016b4                HAL_MspInit
 .text.HAL_ADC_MspInit
                0x00000000080016f8       0x70 Core/Src/stm32f1xx_hal_msp.o
                0x00000000080016f8                HAL_ADC_MspInit
 .text.HAL_I2C_MspInit
                0x0000000008001768       0x64 Core/Src/stm32f1xx_hal_msp.o
                0x0000000008001768                HAL_I2C_MspInit
 .text.HAL_I2C_MspDeInit
                0x00000000080017cc       0x2c Core/Src/stm32f1xx_hal_msp.o
                0x00000000080017cc                HAL_I2C_MspDeInit
 .text.HAL_TIM_Base_MspInit
                0x00000000080017f8       0x60 Core/Src/stm32f1xx_hal_msp.o
                0x00000000080017f8                HAL_TIM_Base_MspInit
 .text.NMI_Handler
                0x0000000008001858        0x2 Core/Src/stm32f1xx_it.o
                0x0000000008001858                NMI_Handler
 .text.HardFault_Handler
                0x000000000800185a        0x2 Core/Src/stm32f1xx_it.o
                0x000000000800185a                HardFault_Handler
 .text.MemManage_Handler
                0x000000000800185c        0x2 Core/Src/stm32f1xx_it.o
                0x000000000800185c                MemManage_Handler
 .text.BusFault_Handler
                0x000000000800185e        0x2 Core/Src/stm32f1xx_it.o
                0x000000000800185e                BusFault_Handler
 .text.UsageFault_Handler
                0x0000000008001860        0x2 Core/Src/stm32f1xx_it.o
                0x0000000008001860                UsageFault_Handler
 .text.SVC_Handler
                0x0000000008001862        0x2 Core/Src/stm32f1xx_it.o
                0x0000000008001862                SVC_Handler
 .text.DebugMon_Handler
                0x0000000008001864        0x2 Core/Src/stm32f1xx_it.o
                0x0000000008001864                DebugMon_Handler
 .text.PendSV_Handler
                0x0000000008001866        0x2 Core/Src/stm32f1xx_it.o
                0x0000000008001866                PendSV_Handler
 .text.SysTick_Handler
                0x0000000008001868        0x8 Core/Src/stm32f1xx_it.o
                0x0000000008001868                SysTick_Handler
 .text.ADC1_2_IRQHandler
                0x0000000008001870       0x10 Core/Src/stm32f1xx_it.o
                0x0000000008001870                ADC1_2_IRQHandler
 .text.TIM3_IRQHandler
                0x0000000008001880       0x10 Core/Src/stm32f1xx_it.o
                0x0000000008001880                TIM3_IRQHandler
 .text.SystemInit
                0x0000000008001890        0x2 Core/Src/system_stm32f1xx.o
                0x0000000008001890                SystemInit
 *fill*         0x0000000008001892        0x2 
 .text.Reset_Handler
                0x0000000008001894       0x48 Core/Startup/startup_stm32f103rbtx.o
                0x0000000008001894                Reset_Handler
 .text.Default_Handler
                0x00000000080018dc        0x2 Core/Startup/startup_stm32f103rbtx.o
                0x00000000080018dc                RTC_Alarm_IRQHandler
                0x00000000080018dc                EXTI2_IRQHandler
                0x00000000080018dc                TIM1_CC_IRQHandler
                0x00000000080018dc                PVD_IRQHandler
                0x00000000080018dc                EXTI3_IRQHandler
                0x00000000080018dc                EXTI0_IRQHandler
                0x00000000080018dc                I2C2_EV_IRQHandler
                0x00000000080018dc                SPI1_IRQHandler
                0x00000000080018dc                TAMPER_IRQHandler
                0x00000000080018dc                DMA1_Channel4_IRQHandler
                0x00000000080018dc                USART3_IRQHandler
                0x00000000080018dc                RTC_IRQHandler
                0x00000000080018dc                DMA1_Channel7_IRQHandler
                0x00000000080018dc                CAN1_RX1_IRQHandler
                0x00000000080018dc                TIM4_IRQHandler
                0x00000000080018dc                I2C1_EV_IRQHandler
                0x00000000080018dc                DMA1_Channel6_IRQHandler
                0x00000000080018dc                RCC_IRQHandler
                0x00000000080018dc                TIM1_TRG_COM_IRQHandler
                0x00000000080018dc                DMA1_Channel1_IRQHandler
                0x00000000080018dc                Default_Handler
                0x00000000080018dc                EXTI15_10_IRQHandler
                0x00000000080018dc                EXTI9_5_IRQHandler
                0x00000000080018dc                SPI2_IRQHandler
                0x00000000080018dc                DMA1_Channel5_IRQHandler
                0x00000000080018dc                EXTI4_IRQHandler
                0x00000000080018dc                USB_LP_CAN1_RX0_IRQHandler
                0x00000000080018dc                USB_HP_CAN1_TX_IRQHandler
                0x00000000080018dc                DMA1_Channel3_IRQHandler
                0x00000000080018dc                TIM1_UP_IRQHandler
                0x00000000080018dc                WWDG_IRQHandler
                0x00000000080018dc                TIM2_IRQHandler
                0x00000000080018dc                TIM1_BRK_IRQHandler
                0x00000000080018dc                EXTI1_IRQHandler
                0x00000000080018dc                USART2_IRQHandler
                0x00000000080018dc                I2C2_ER_IRQHandler
                0x00000000080018dc                DMA1_Channel2_IRQHandler
                0x00000000080018dc                CAN1_SCE_IRQHandler
                0x00000000080018dc                FLASH_IRQHandler
                0x00000000080018dc                USART1_IRQHandler
                0x00000000080018dc                I2C1_ER_IRQHandler
                0x00000000080018dc                USBWakeUp_IRQHandler
 *fill*         0x00000000080018de        0x2 
 .text.HAL_InitTick
                0x00000000080018e0       0x4c Drivers/STM32F1xx_HAL_Driver/Src/stm32f1xx_hal.o
                0x00000000080018e0                HAL_InitTick
 .text.HAL_Init
                0x000000000800192c       0x24 Drivers/STM32F1xx_HAL_Driver/Src/stm32f1xx_hal.o
                0x000000000800192c                HAL_Init
 .text.HAL_IncTick
                0x0000000008001950       0x18 Drivers/STM32F1xx_HAL_Driver/Src/stm32f1xx_hal.o
                0x0000000008001950                HAL_IncTick
 .text.HAL_GetTick
                0x0000000008001968        0xc Drivers/STM32F1xx_HAL_Driver/Src/stm32f1xx_hal.o
                0x0000000008001968                HAL_GetTick
 .text.HAL_Delay
                0x0000000008001974       0x28 Drivers/STM32F1xx_HAL_Driver/Src/stm32f1xx_hal.o
                0x0000000008001974                HAL_Delay
 .text.HAL_ADC_GetValue
                0x000000000800199c        0x6 Drivers/STM32F1xx_HAL_Driver/Src/stm32f1xx_hal_adc.o
                0x000000000800199c                HAL_ADC_GetValue
 .text.HAL_ADC_LevelOutOfWindowCallback
                0x00000000080019a2        0x2 Drivers/STM32F1xx_HAL_Driver/Src/stm32f1xx_hal_adc.o
                0x00000000080019a2                HAL_ADC_LevelOutOfWindowCallback
 .text.HAL_ADC_IRQHandler
                0x00000000080019a4      0x10c Drivers/STM32F1xx_HAL_Driver/Src/stm32f1xx_hal_adc.o
                0x00000000080019a4                HAL_ADC_IRQHandler
 .text.HAL_ADC_ConfigChannel
                0x0000000008001ab0      0x138 Drivers/STM32F1xx_HAL_Driver/Src/stm32f1xx_hal_adc.o
                0x0000000008001ab0                HAL_ADC_ConfigChannel
 .text.ADC_Enable
                0x0000000008001be8       0x80 Drivers/STM32F1xx_HAL_Driver/Src/stm32f1xx_hal_adc.o
                0x0000000008001be8                ADC_Enable
 .text.HAL_ADC_Start_IT
                0x0000000008001c68       0xf8 Drivers/STM32F1xx_HAL_Driver/Src/stm32f1xx_hal_adc.o
                0x0000000008001c68                HAL_ADC_Start_IT
 .text.ADC_ConversionStop_Disable
                0x0000000008001d60       0x4c Drivers/STM32F1xx_HAL_Driver/Src/stm32f1xx_hal_adc.o
                0x0000000008001d60                ADC_ConversionStop_Disable
 .text.HAL_ADC_Init
                0x0000000008001dac      0x110 Drivers/STM32F1xx_HAL_Driver/Src/stm32f1xx_hal_adc.o
                0x0000000008001dac                HAL_ADC_Init
 .text.HAL_ADCEx_InjectedConvCpltCallback
                0x0000000008001ebc        0x2 Drivers/STM32F1xx_HAL_Driver/Src/stm32f1xx_hal_adc_ex.o
                0x0000000008001ebc                HAL_ADCEx_InjectedConvCpltCallback
 *fill*         0x0000000008001ebe        0x2 
 .text.HAL_NVIC_SetPriorityGrouping
                0x0000000008001ec0       0x24 Drivers/STM32F1xx_HAL_Driver/Src/stm32f1xx_hal_cortex.o
                0x0000000008001ec0                HAL_NVIC_SetPriorityGrouping
 .text.HAL_NVIC_SetPriority
                0x0000000008001ee4       0x68 Drivers/STM32F1xx_HAL_Driver/Src/stm32f1xx_hal_cortex.o
                0x0000000008001ee4                HAL_NVIC_SetPriority
 .text.HAL_NVIC_EnableIRQ
                0x0000000008001f4c       0x1c Drivers/STM32F1xx_HAL_Driver/Src/stm32f1xx_hal_cortex.o
                0x0000000008001f4c                HAL_NVIC_EnableIRQ
 .text.HAL_SYSTICK_Config
                0x0000000008001f68       0x2c Drivers/STM32F1xx_HAL_Driver/Src/stm32f1xx_hal_cortex.o
                0x0000000008001f68                HAL_SYSTICK_Config
 .text.HAL_GPIO_Init
                0x0000000008001f94      0x1d8 Drivers/STM32F1xx_HAL_Driver/Src/stm32f1xx_hal_gpio.o
                0x0000000008001f94                HAL_GPIO_Init
 .text.HAL_GPIO_DeInit
                0x000000000800216c       0xf8 Drivers/STM32F1xx_HAL_Driver/Src/stm32f1xx_hal_gpio.o
                0x000000000800216c                HAL_GPIO_DeInit
 .text.HAL_GPIO_ReadPin
                0x0000000008002264        0xe Drivers/STM32F1xx_HAL_Driver/Src/stm32f1xx_hal_gpio.o
                0x0000000008002264                HAL_GPIO_ReadPin
 .text.HAL_GPIO_WritePin
                0x0000000008002272        0xc Drivers/STM32F1xx_HAL_Driver/Src/stm32f1xx_hal_gpio.o
                0x0000000008002272                HAL_GPIO_WritePin
 .text.I2C_IsAcknowledgeFailed
                0x000000000800227e       0x32 Drivers/STM32F1xx_HAL_Driver/Src/stm32f1xx_hal_i2c.o
 .text.I2C_WaitOnFlagUntilTimeout
                0x00000000080022b0       0x70 Drivers/STM32F1xx_HAL_Driver/Src/stm32f1xx_hal_i2c.o
 .text.I2C_WaitOnMasterAddressFlagUntilTimeout
                0x0000000008002320       0xa4 Drivers/STM32F1xx_HAL_Driver/Src/stm32f1xx_hal_i2c.o
 .text.I2C_MasterRequestWrite
                0x00000000080023c4       0xbc Drivers/STM32F1xx_HAL_Driver/Src/stm32f1xx_hal_i2c.o
 .text.I2C_WaitOnTXEFlagUntilTimeout
                0x0000000008002480       0x54 Drivers/STM32F1xx_HAL_Driver/Src/stm32f1xx_hal_i2c.o
 .text.I2C_WaitOnBTFFlagUntilTimeout
                0x00000000080024d4       0x54 Drivers/STM32F1xx_HAL_Driver/Src/stm32f1xx_hal_i2c.o
 .text.HAL_I2C_Init
                0x0000000008002528      0x1b4 Drivers/STM32F1xx_HAL_Driver/Src/stm32f1xx_hal_i2c.o
                0x0000000008002528                HAL_I2C_Init
 .text.HAL_I2C_DeInit
                0x00000000080026dc       0x32 Drivers/STM32F1xx_HAL_Driver/Src/stm32f1xx_hal_i2c.o
                0x00000000080026dc                HAL_I2C_DeInit
 *fill*         0x000000000800270e        0x2 
 .text.HAL_I2C_Master_Transmit
                0x0000000008002710      0x174 Drivers/STM32F1xx_HAL_Driver/Src/stm32f1xx_hal_i2c.o
                0x0000000008002710                HAL_I2C_Master_Transmit
 .text.RCC_Delay
                0x0000000008002884       0x2c Drivers/STM32F1xx_HAL_Driver/Src/stm32f1xx_hal_rcc.o
 .text.HAL_RCC_OscConfig
                0x00000000080028b0      0x410 Drivers/STM32F1xx_HAL_Driver/Src/stm32f1xx_hal_rcc.o
                0x00000000080028b0                HAL_RCC_OscConfig
 .text.HAL_RCC_GetSysClockFreq
                0x0000000008002cc0       0x70 Drivers/STM32F1xx_HAL_Driver/Src/stm32f1xx_hal_rcc.o
                0x0000000008002cc0                HAL_RCC_GetSysClockFreq
 .text.HAL_RCC_ClockConfig
                0x0000000008002d30      0x168 Drivers/STM32F1xx_HAL_Driver/Src/stm32f1xx_hal_rcc.o
                0x0000000008002d30                HAL_RCC_ClockConfig
 .text.HAL_RCC_GetHCLKFreq
                0x0000000008002e98        0xc Drivers/STM32F1xx_HAL_Driver/Src/stm32f1xx_hal_rcc.o
                0x0000000008002e98                HAL_RCC_GetHCLKFreq
 .text.HAL_RCC_GetPCLK1Freq
                0x0000000008002ea4       0x20 Drivers/STM32F1xx_HAL_Driver/Src/stm32f1xx_hal_rcc.o
                0x0000000008002ea4                HAL_RCC_GetPCLK1Freq
 .text.HAL_RCCEx_PeriphCLKConfig
                0x0000000008002ec4      0x114 Drivers/STM32F1xx_HAL_Driver/Src/stm32f1xx_hal_rcc_ex.o
                0x0000000008002ec4                HAL_RCCEx_PeriphCLKConfig
 .text.TIM_TI1_ConfigInputStage
                0x0000000008002fd8       0x24 Drivers/STM32F1xx_HAL_Driver/Src/stm32f1xx_hal_tim.o
 .text.TIM_TI2_ConfigInputStage
                0x0000000008002ffc       0x26 Drivers/STM32F1xx_HAL_Driver/Src/stm32f1xx_hal_tim.o
 .text.TIM_ITRx_SetConfig
                0x0000000008003022       0x10 Drivers/STM32F1xx_HAL_Driver/Src/stm32f1xx_hal_tim.o
 *fill*         0x0000000008003032        0x2 
 .text.HAL_TIM_Base_Start_IT
                0x0000000008003034       0x68 Drivers/STM32F1xx_HAL_Driver/Src/stm32f1xx_hal_tim.o
                0x0000000008003034                HAL_TIM_Base_Start_IT
 .text.HAL_TIM_OC_DelayElapsedCallback
                0x000000000800309c        0x2 Drivers/STM32F1xx_HAL_Driver/Src/stm32f1xx_hal_tim.o
                0x000000000800309c                HAL_TIM_OC_DelayElapsedCallback
 .text.HAL_TIM_IC_CaptureCallback
                0x000000000800309e        0x2 Drivers/STM32F1xx_HAL_Driver/Src/stm32f1xx_hal_tim.o
                0x000000000800309e                HAL_TIM_IC_CaptureCallback
 .text.HAL_TIM_PWM_PulseFinishedCallback
                0x00000000080030a0        0x2 Drivers/STM32F1xx_HAL_Driver/Src/stm32f1xx_hal_tim.o
                0x00000000080030a0                HAL_TIM_PWM_PulseFinishedCallback
 .text.HAL_TIM_TriggerCallback
                0x00000000080030a2        0x2 Drivers/STM32F1xx_HAL_Driver/Src/stm32f1xx_hal_tim.o
                0x00000000080030a2                HAL_TIM_TriggerCallback
 .text.HAL_TIM_IRQHandler
                0x00000000080030a4      0x17a Drivers/STM32F1xx_HAL_Driver/Src/stm32f1xx_hal_tim.o
                0x00000000080030a4                HAL_TIM_IRQHandler
 *fill*         0x000000000800321e        0x2 
 .text.TIM_Base_SetConfig
                0x0000000008003220       0x74 Drivers/STM32F1xx_HAL_Driver/Src/stm32f1xx_hal_tim.o
                0x0000000008003220                TIM_Base_SetConfig
 .text.HAL_TIM_Base_Init
                0x0000000008003294       0x56 Drivers/STM32F1xx_HAL_Driver/Src/stm32f1xx_hal_tim.o
                0x0000000008003294                HAL_TIM_Base_Init
 .text.TIM_ETR_SetConfig
                0x00000000080032ea       0x16 Drivers/STM32F1xx_HAL_Driver/Src/stm32f1xx_hal_tim.o
                0x00000000080032ea                TIM_ETR_SetConfig
 .text.HAL_TIM_ConfigClockSource
                0x0000000008003300       0xda Drivers/STM32F1xx_HAL_Driver/Src/stm32f1xx_hal_tim.o
                0x0000000008003300                HAL_TIM_ConfigClockSource
 *fill*         0x00000000080033da        0x2 
 .text.HAL_TIMEx_MasterConfigSynchronization
                0x00000000080033dc       0x68 Drivers/STM32F1xx_HAL_Driver/Src/stm32f1xx_hal_tim_ex.o
                0x00000000080033dc                HAL_TIMEx_MasterConfigSynchronization
 .text.HAL_TIMEx_CommutCallback
                0x0000000008003444        0x2 Drivers/STM32F1xx_HAL_Driver/Src/stm32f1xx_hal_tim_ex.o
                0x0000000008003444                HAL_TIMEx_CommutCallback
 .text.HAL_TIMEx_BreakCallback
                0x0000000008003446        0x2 Drivers/STM32F1xx_HAL_Driver/Src/stm32f1xx_hal_tim_ex.o
                0x0000000008003446                HAL_TIMEx_BreakCallback
 .text.__libc_init_array
                0x0000000008003448       0x48 c:/st/stm32cubeide_1.1.0/stm32cubeide/plugins/com.st.stm32cube.ide.mcu.externaltools.gnu-tools-for-stm32.7-2018-q2-update.win32_1.0.0.201904181610/tools/bin/../lib/gcc/arm-none-eabi/7.3.1/../../../../arm-none-eabi/lib/thumb/v7-m\libc_nano.a(lib_a-init.o)
                0x0000000008003448                __libc_init_array
 *(.glue_7)
 .glue_7        0x0000000008003490        0x0 linker stubs
 *(.glue_7t)
 .glue_7t       0x0000000008003490        0x0 linker stubs
 *(.eh_frame)
 .eh_frame      0x0000000008003490        0x0 c:/st/stm32cubeide_1.1.0/stm32cubeide/plugins/com.st.stm32cube.ide.mcu.externaltools.gnu-tools-for-stm32.7-2018-q2-update.win32_1.0.0.201904181610/tools/bin/../lib/gcc/arm-none-eabi/7.3.1/thumb/v7-m/crtbegin.o
 *(.init)
 .init          0x0000000008003490        0x4 c:/st/stm32cubeide_1.1.0/stm32cubeide/plugins/com.st.stm32cube.ide.mcu.externaltools.gnu-tools-for-stm32.7-2018-q2-update.win32_1.0.0.201904181610/tools/bin/../lib/gcc/arm-none-eabi/7.3.1/thumb/v7-m/crti.o
                0x0000000008003490                _init
 .init          0x0000000008003494        0x8 c:/st/stm32cubeide_1.1.0/stm32cubeide/plugins/com.st.stm32cube.ide.mcu.externaltools.gnu-tools-for-stm32.7-2018-q2-update.win32_1.0.0.201904181610/tools/bin/../lib/gcc/arm-none-eabi/7.3.1/thumb/v7-m/crtn.o
 *(.fini)
 .fini          0x000000000800349c        0x4 c:/st/stm32cubeide_1.1.0/stm32cubeide/plugins/com.st.stm32cube.ide.mcu.externaltools.gnu-tools-for-stm32.7-2018-q2-update.win32_1.0.0.201904181610/tools/bin/../lib/gcc/arm-none-eabi/7.3.1/thumb/v7-m/crti.o
                0x000000000800349c                _fini
 .fini          0x00000000080034a0        0x8 c:/st/stm32cubeide_1.1.0/stm32cubeide/plugins/com.st.stm32cube.ide.mcu.externaltools.gnu-tools-for-stm32.7-2018-q2-update.win32_1.0.0.201904181610/tools/bin/../lib/gcc/arm-none-eabi/7.3.1/thumb/v7-m/crtn.o
                0x00000000080034a8                . = ALIGN (0x4)
                0x00000000080034a8                _etext = .

.vfp11_veneer   0x00000000080034a8        0x0
 .vfp11_veneer  0x00000000080034a8        0x0 linker stubs

.v4_bx          0x00000000080034a8        0x0
 .v4_bx         0x00000000080034a8        0x0 linker stubs

.iplt           0x00000000080034a8        0x0
 .iplt          0x00000000080034a8        0x0 c:/st/stm32cubeide_1.1.0/stm32cubeide/plugins/com.st.stm32cube.ide.mcu.externaltools.gnu-tools-for-stm32.7-2018-q2-update.win32_1.0.0.201904181610/tools/bin/../lib/gcc/arm-none-eabi/7.3.1/thumb/v7-m/crtbegin.o

.rodata         0x00000000080034a8       0x74
                0x00000000080034a8                . = ALIGN (0x4)
 *(.rodata)
 .rodata        0x00000000080034a8       0x12 Drivers/STM32F1xx_HAL_Driver/Src/stm32f1xx_hal_rcc.o
 *(.rodata*)
 *fill*         0x00000000080034ba        0x2 
 .rodata.ownCharacters
                0x00000000080034bc       0x48 CommonSrc/LCD_I2C.o
                0x00000000080034bc                ownCharacters
 .rodata.AHBPrescTable
                0x0000000008003504       0x10 Core/Src/system_stm32f1xx.o
                0x0000000008003504                AHBPrescTable
 .rodata.APBPrescTable
                0x0000000008003514        0x8 Core/Src/system_stm32f1xx.o
                0x0000000008003514                APBPrescTable
                0x000000000800351c                . = ALIGN (0x4)

.rel.dyn        0x000000000800351c        0x0
 .rel.iplt      0x000000000800351c        0x0 c:/st/stm32cubeide_1.1.0/stm32cubeide/plugins/com.st.stm32cube.ide.mcu.externaltools.gnu-tools-for-stm32.7-2018-q2-update.win32_1.0.0.201904181610/tools/bin/../lib/gcc/arm-none-eabi/7.3.1/thumb/v7-m/crtbegin.o

.ARM.extab      0x000000000800351c        0x0
                0x000000000800351c                . = ALIGN (0x4)
 *(.ARM.extab* .gnu.linkonce.armextab.*)
                0x000000000800351c                . = ALIGN (0x4)

.ARM            0x000000000800351c        0x0
                0x000000000800351c                . = ALIGN (0x4)
                0x000000000800351c                __exidx_start = .
 *(.ARM.exidx*)
                0x000000000800351c                __exidx_end = .
                0x000000000800351c                . = ALIGN (0x4)

.preinit_array  0x000000000800351c        0x0
                0x000000000800351c                . = ALIGN (0x4)
                0x000000000800351c                PROVIDE (__preinit_array_start = .)
 *(.preinit_array*)
                0x000000000800351c                PROVIDE (__preinit_array_end = .)
                0x000000000800351c                . = ALIGN (0x4)

.init_array     0x000000000800351c        0x4
                0x000000000800351c                . = ALIGN (0x4)
                0x000000000800351c                PROVIDE (__init_array_start = .)
 *(SORT_BY_NAME(.init_array.*))
 *(.init_array*)
 .init_array    0x000000000800351c        0x4 c:/st/stm32cubeide_1.1.0/stm32cubeide/plugins/com.st.stm32cube.ide.mcu.externaltools.gnu-tools-for-stm32.7-2018-q2-update.win32_1.0.0.201904181610/tools/bin/../lib/gcc/arm-none-eabi/7.3.1/thumb/v7-m/crtbegin.o
                0x0000000008003520                PROVIDE (__init_array_end = .)
                0x0000000008003520                . = ALIGN (0x4)

.fini_array     0x0000000008003520        0x4
                0x0000000008003520                . = ALIGN (0x4)
                [!provide]                        PROVIDE (__fini_array_start = .)
 *(SORT_BY_NAME(.fini_array.*))
 *(.fini_array*)
 .fini_array    0x0000000008003520        0x4 c:/st/stm32cubeide_1.1.0/stm32cubeide/plugins/com.st.stm32cube.ide.mcu.externaltools.gnu-tools-for-stm32.7-2018-q2-update.win32_1.0.0.201904181610/tools/bin/../lib/gcc/arm-none-eabi/7.3.1/thumb/v7-m/crtbegin.o
                [!provide]                        PROVIDE (__fini_array_end = .)
                0x0000000008003524                . = ALIGN (0x4)
                0x0000000008003524                _sidata = LOADADDR (.data)

.data           0x0000000020000000       0x1c load address 0x0000000008003524
                0x0000000020000000                . = ALIGN (0x4)
                0x0000000020000000                _sdata = .
 *(.data)
 *(.data*)
 .data.PinsConfiguration
                0x0000000020000000       0x10 CommonSrc/HAL_Functions.o
                0x0000000020000000                PinsConfiguration
 .data.SystemCoreClock
                0x0000000020000010        0x4 Core/Src/system_stm32f1xx.o
                0x0000000020000010                SystemCoreClock
 .data.uwTickFreq
                0x0000000020000014        0x1 Drivers/STM32F1xx_HAL_Driver/Src/stm32f1xx_hal.o
                0x0000000020000014                uwTickFreq
 *fill*         0x0000000020000015        0x3 
 .data.uwTickPrio
                0x0000000020000018        0x4 Drivers/STM32F1xx_HAL_Driver/Src/stm32f1xx_hal.o
                0x0000000020000018                uwTickPrio
                0x000000002000001c                . = ALIGN (0x4)
                0x000000002000001c                _edata = .

.igot.plt       0x000000002000001c        0x0 load address 0x0000000008003540
 .igot.plt      0x000000002000001c        0x0 c:/st/stm32cubeide_1.1.0/stm32cubeide/plugins/com.st.stm32cube.ide.mcu.externaltools.gnu-tools-for-stm32.7-2018-q2-update.win32_1.0.0.201904181610/tools/bin/../lib/gcc/arm-none-eabi/7.3.1/thumb/v7-m/crtbegin.o
                0x000000002000001c                . = ALIGN (0x4)

.bss            0x000000002000001c     0x2128 load address 0x0000000008003540
                0x000000002000001c                _sbss = .
                0x000000002000001c                __bss_start__ = _sbss
 *(.bss)
 .bss           0x000000002000001c       0x1c c:/st/stm32cubeide_1.1.0/stm32cubeide/plugins/com.st.stm32cube.ide.mcu.externaltools.gnu-tools-for-stm32.7-2018-q2-update.win32_1.0.0.201904181610/tools/bin/../lib/gcc/arm-none-eabi/7.3.1/thumb/v7-m/crtbegin.o
 *(.bss*)
 .bss.index.4169
                0x0000000020000038        0x4 CommonSrc/temperature.o
 .bss.sumOfTemperatures.4168
                0x000000002000003c        0x4 CommonSrc/temperature.o
 .bss.values.4170
                0x0000000020000040     0x1f40 CommonSrc/temperature.o
 .bss.time      0x0000000020001f80        0x4 Core/Src/main.o
                0x0000000020001f80                time
 *(COMMON)
 COMMON         0x0000000020001f84       0x29 CommonSrc/DS18B20_One_Wire.o
                0x0000000020001f84                DS18B20Service
                0x0000000020001fac                commands
 *fill*         0x0000000020001fad        0x3 
 COMMON         0x0000000020001fb0        0x8 CommonSrc/HAL_Functions.o
                0x0000000020001fb0                i2cForLCDPtr
                0x0000000020001fb4                microsecondTimerPtr
 COMMON         0x0000000020001fb8       0x60 CommonSrc/LCD_I2C.o
                0x0000000020001fb8                LCDService
 COMMON         0x0000000020002018        0x8 CommonSrc/temperature.o
                0x0000000020002018                temperatureService
 COMMON         0x0000000020002020        0xc CommonSrc/timer.o
                0x0000000020002020                timerService
 COMMON         0x000000002000202c      0x114 Core/Src/main.o
                0x000000002000202c                hi2c1
                0x0000000020002080                htim3
                0x00000000200020c8                hadc1
                0x00000000200020f8                htim2
 COMMON         0x0000000020002140        0x4 Drivers/STM32F1xx_HAL_Driver/Src/stm32f1xx_hal.o
                0x0000000020002140                uwTick
                0x0000000020002144                . = ALIGN (0x4)
                0x0000000020002144                _ebss = .
                0x0000000020002144                __bss_end__ = _ebss

._user_heap_stack
                0x0000000020002144      0x604 load address 0x0000000008003540
                0x0000000020002148                . = ALIGN (0x8)
 *fill*         0x0000000020002144        0x4 
                0x0000000020002148                PROVIDE (end = .)
                [!provide]                        PROVIDE (_end = .)
                0x0000000020002348                . = (. + _Min_Heap_Size)
 *fill*         0x0000000020002148      0x200 
                0x0000000020002748                . = (. + _Min_Stack_Size)
 *fill*         0x0000000020002348      0x400 
                0x0000000020002748                . = ALIGN (0x8)

/DISCARD/
 libc.a(*)
 libm.a(*)
 libgcc.a(*)

.ARM.attributes
                0x0000000000000000       0x29
 *(.ARM.attributes)
 .ARM.attributes
                0x0000000000000000       0x1d c:/st/stm32cubeide_1.1.0/stm32cubeide/plugins/com.st.stm32cube.ide.mcu.externaltools.gnu-tools-for-stm32.7-2018-q2-update.win32_1.0.0.201904181610/tools/bin/../lib/gcc/arm-none-eabi/7.3.1/thumb/v7-m/crti.o
 .ARM.attributes
                0x000000000000001d       0x2d c:/st/stm32cubeide_1.1.0/stm32cubeide/plugins/com.st.stm32cube.ide.mcu.externaltools.gnu-tools-for-stm32.7-2018-q2-update.win32_1.0.0.201904181610/tools/bin/../lib/gcc/arm-none-eabi/7.3.1/thumb/v7-m/crtbegin.o
 .ARM.attributes
                0x000000000000004a       0x33 CommonSrc/DS18B20_One_Wire.o
 .ARM.attributes
                0x000000000000007d       0x33 CommonSrc/HAL_Functions.o
 .ARM.attributes
                0x00000000000000b0       0x33 CommonSrc/LCD_I2C.o
 .ARM.attributes
                0x00000000000000e3       0x33 CommonSrc/main_loop.o
 .ARM.attributes
                0x0000000000000116       0x33 CommonSrc/temperature.o
 .ARM.attributes
                0x0000000000000149       0x33 CommonSrc/timer.o
 .ARM.attributes
                0x000000000000017c       0x33 Core/Src/main.o
 .ARM.attributes
                0x00000000000001af       0x33 Core/Src/stm32f1xx_hal_msp.o
 .ARM.attributes
                0x00000000000001e2       0x33 Core/Src/stm32f1xx_it.o
 .ARM.attributes
                0x0000000000000215       0x33 Core/Src/system_stm32f1xx.o
 .ARM.attributes
                0x0000000000000248       0x21 Core/Startup/startup_stm32f103rbtx.o
 .ARM.attributes
                0x0000000000000269       0x33 Drivers/STM32F1xx_HAL_Driver/Src/stm32f1xx_hal.o
 .ARM.attributes
                0x000000000000029c       0x33 Drivers/STM32F1xx_HAL_Driver/Src/stm32f1xx_hal_adc.o
 .ARM.attributes
                0x00000000000002cf       0x33 Drivers/STM32F1xx_HAL_Driver/Src/stm32f1xx_hal_adc_ex.o
 .ARM.attributes
                0x0000000000000302       0x33 Drivers/STM32F1xx_HAL_Driver/Src/stm32f1xx_hal_cortex.o
 .ARM.attributes
                0x0000000000000335       0x33 Drivers/STM32F1xx_HAL_Driver/Src/stm32f1xx_hal_gpio.o
 .ARM.attributes
                0x0000000000000368       0x33 Drivers/STM32F1xx_HAL_Driver/Src/stm32f1xx_hal_i2c.o
 .ARM.attributes
                0x000000000000039b       0x33 Drivers/STM32F1xx_HAL_Driver/Src/stm32f1xx_hal_rcc.o
 .ARM.attributes
                0x00000000000003ce       0x33 Drivers/STM32F1xx_HAL_Driver/Src/stm32f1xx_hal_rcc_ex.o
 .ARM.attributes
                0x0000000000000401       0x33 Drivers/STM32F1xx_HAL_Driver/Src/stm32f1xx_hal_tim.o
 .ARM.attributes
                0x0000000000000434       0x33 Drivers/STM32F1xx_HAL_Driver/Src/stm32f1xx_hal_tim_ex.o
 .ARM.attributes
                0x0000000000000467       0x2d c:/st/stm32cubeide_1.1.0/stm32cubeide/plugins/com.st.stm32cube.ide.mcu.externaltools.gnu-tools-for-stm32.7-2018-q2-update.win32_1.0.0.201904181610/tools/bin/../lib/gcc/arm-none-eabi/7.3.1/../../../../arm-none-eabi/lib/thumb/v7-m\libc_nano.a(lib_a-init.o)
 .ARM.attributes
                0x0000000000000494       0x1d c:/st/stm32cubeide_1.1.0/stm32cubeide/plugins/com.st.stm32cube.ide.mcu.externaltools.gnu-tools-for-stm32.7-2018-q2-update.win32_1.0.0.201904181610/tools/bin/../lib/gcc/arm-none-eabi/7.3.1/thumb/v7-m\libgcc.a(_arm_addsubdf3.o)
 .ARM.attributes
                0x00000000000004b1       0x1d c:/st/stm32cubeide_1.1.0/stm32cubeide/plugins/com.st.stm32cube.ide.mcu.externaltools.gnu-tools-for-stm32.7-2018-q2-update.win32_1.0.0.201904181610/tools/bin/../lib/gcc/arm-none-eabi/7.3.1/thumb/v7-m\libgcc.a(_arm_muldivdf3.o)
 .ARM.attributes
                0x00000000000004ce       0x1d c:/st/stm32cubeide_1.1.0/stm32cubeide/plugins/com.st.stm32cube.ide.mcu.externaltools.gnu-tools-for-stm32.7-2018-q2-update.win32_1.0.0.201904181610/tools/bin/../lib/gcc/arm-none-eabi/7.3.1/thumb/v7-m\libgcc.a(_arm_truncdfsf2.o)
 .ARM.attributes
                0x00000000000004eb       0x1d c:/st/stm32cubeide_1.1.0/stm32cubeide/plugins/com.st.stm32cube.ide.mcu.externaltools.gnu-tools-for-stm32.7-2018-q2-update.win32_1.0.0.201904181610/tools/bin/../lib/gcc/arm-none-eabi/7.3.1/thumb/v7-m\libgcc.a(_arm_addsubsf3.o)
 .ARM.attributes
                0x0000000000000508       0x1d c:/st/stm32cubeide_1.1.0/stm32cubeide/plugins/com.st.stm32cube.ide.mcu.externaltools.gnu-tools-for-stm32.7-2018-q2-update.win32_1.0.0.201904181610/tools/bin/../lib/gcc/arm-none-eabi/7.3.1/thumb/v7-m\libgcc.a(_arm_muldivsf3.o)
 .ARM.attributes
                0x0000000000000525       0x1d c:/st/stm32cubeide_1.1.0/stm32cubeide/plugins/com.st.stm32cube.ide.mcu.externaltools.gnu-tools-for-stm32.7-2018-q2-update.win32_1.0.0.201904181610/tools/bin/../lib/gcc/arm-none-eabi/7.3.1/thumb/v7-m/crtn.o
OUTPUT(hardwareF1.elf elf32-littlearm)

.debug_info     0x0000000000000000    0x134ec
 .debug_info    0x0000000000000000      0xd99 CommonSrc/DS18B20_One_Wire.o
 .debug_info    0x0000000000000d99      0xff9 CommonSrc/HAL_Functions.o
 .debug_info    0x0000000000001d92     0x15c0 CommonSrc/LCD_I2C.o
 .debug_info    0x0000000000003352      0x3a1 CommonSrc/main_loop.o
 .debug_info    0x00000000000036f3      0x1d4 CommonSrc/temperature.o
 .debug_info    0x00000000000038c7      0x12a CommonSrc/timer.o
 .debug_info    0x00000000000039f1     0x1568 Core/Src/main.o
 .debug_info    0x0000000000004f59     0x117c Core/Src/stm32f1xx_hal_msp.o
 .debug_info    0x00000000000060d5      0xc53 Core/Src/stm32f1xx_it.o
 .debug_info    0x0000000000006d28      0x29d Core/Src/system_stm32f1xx.o
 .debug_info    0x0000000000006fc5       0x22 Core/Startup/startup_stm32f103rbtx.o
 .debug_info    0x0000000000006fe7      0x7c0 Drivers/STM32F1xx_HAL_Driver/Src/stm32f1xx_hal.o
 .debug_info    0x00000000000077a7      0xe6b Drivers/STM32F1xx_HAL_Driver/Src/stm32f1xx_hal_adc.o
 .debug_info    0x0000000000008612      0xb95 Drivers/STM32F1xx_HAL_Driver/Src/stm32f1xx_hal_adc_ex.o
 .debug_info    0x00000000000091a7      0xcb5 Drivers/STM32F1xx_HAL_Driver/Src/stm32f1xx_hal_cortex.o
 .debug_info    0x0000000000009e5c      0x6ab Drivers/STM32F1xx_HAL_Driver/Src/stm32f1xx_hal_gpio.o
 .debug_info    0x000000000000a507     0x3484 Drivers/STM32F1xx_HAL_Driver/Src/stm32f1xx_hal_i2c.o
 .debug_info    0x000000000000d98b      0x9ef Drivers/STM32F1xx_HAL_Driver/Src/stm32f1xx_hal_rcc.o
 .debug_info    0x000000000000e37a      0x497 Drivers/STM32F1xx_HAL_Driver/Src/stm32f1xx_hal_rcc_ex.o
 .debug_info    0x000000000000e811     0x3554 Drivers/STM32F1xx_HAL_Driver/Src/stm32f1xx_hal_tim.o
 .debug_info    0x0000000000011d65     0x1787 Drivers/STM32F1xx_HAL_Driver/Src/stm32f1xx_hal_tim_ex.o

.debug_abbrev   0x0000000000000000     0x287b
 .debug_abbrev  0x0000000000000000      0x2ed CommonSrc/DS18B20_One_Wire.o
 .debug_abbrev  0x00000000000002ed      0x1fe CommonSrc/HAL_Functions.o
 .debug_abbrev  0x00000000000004eb      0x351 CommonSrc/LCD_I2C.o
 .debug_abbrev  0x000000000000083c      0x155 CommonSrc/main_loop.o
 .debug_abbrev  0x0000000000000991      0x106 CommonSrc/temperature.o
 .debug_abbrev  0x0000000000000a97       0xa8 CommonSrc/timer.o
 .debug_abbrev  0x0000000000000b3f      0x287 Core/Src/main.o
 .debug_abbrev  0x0000000000000dc6      0x1d4 Core/Src/stm32f1xx_hal_msp.o
 .debug_abbrev  0x0000000000000f9a      0x187 Core/Src/stm32f1xx_it.o
 .debug_abbrev  0x0000000000001121      0x134 Core/Src/system_stm32f1xx.o
 .debug_abbrev  0x0000000000001255       0x12 Core/Startup/startup_stm32f103rbtx.o
 .debug_abbrev  0x0000000000001267      0x1ed Drivers/STM32F1xx_HAL_Driver/Src/stm32f1xx_hal.o
 .debug_abbrev  0x0000000000001454      0x1ee Drivers/STM32F1xx_HAL_Driver/Src/stm32f1xx_hal_adc.o
 .debug_abbrev  0x0000000000001642      0x239 Drivers/STM32F1xx_HAL_Driver/Src/stm32f1xx_hal_adc_ex.o
 .debug_abbrev  0x000000000000187b      0x303 Drivers/STM32F1xx_HAL_Driver/Src/stm32f1xx_hal_cortex.o
 .debug_abbrev  0x0000000000001b7e      0x1de Drivers/STM32F1xx_HAL_Driver/Src/stm32f1xx_hal_gpio.o
 .debug_abbrev  0x0000000000001d5c      0x282 Drivers/STM32F1xx_HAL_Driver/Src/stm32f1xx_hal_i2c.o
 .debug_abbrev  0x0000000000001fde      0x257 Drivers/STM32F1xx_HAL_Driver/Src/stm32f1xx_hal_rcc.o
 .debug_abbrev  0x0000000000002235      0x1c9 Drivers/STM32F1xx_HAL_Driver/Src/stm32f1xx_hal_rcc_ex.o
 .debug_abbrev  0x00000000000023fe      0x237 Drivers/STM32F1xx_HAL_Driver/Src/stm32f1xx_hal_tim.o
 .debug_abbrev  0x0000000000002635      0x246 Drivers/STM32F1xx_HAL_Driver/Src/stm32f1xx_hal_tim_ex.o

.debug_loc      0x0000000000000000     0xc80f
 .debug_loc     0x0000000000000000      0x1dd CommonSrc/DS18B20_One_Wire.o
 .debug_loc     0x00000000000001dd      0x1d5 CommonSrc/HAL_Functions.o
 .debug_loc     0x00000000000003b2      0x4be CommonSrc/LCD_I2C.o
 .debug_loc     0x0000000000000870       0x63 CommonSrc/temperature.o
 .debug_loc     0x00000000000008d3       0x63 Core/Src/main.o
 .debug_loc     0x0000000000000936      0x15c Core/Src/stm32f1xx_hal_msp.o
 .debug_loc     0x0000000000000a92       0xdf Core/Src/system_stm32f1xx.o
 .debug_loc     0x0000000000000b71      0x11b Drivers/STM32F1xx_HAL_Driver/Src/stm32f1xx_hal.o
 .debug_loc     0x0000000000000c8c      0x9ef Drivers/STM32F1xx_HAL_Driver/Src/stm32f1xx_hal_adc.o
 .debug_loc     0x000000000000167b      0x798 Drivers/STM32F1xx_HAL_Driver/Src/stm32f1xx_hal_adc_ex.o
 .debug_loc     0x0000000000001e13      0x5ad Drivers/STM32F1xx_HAL_Driver/Src/stm32f1xx_hal_cortex.o
 .debug_loc     0x00000000000023c0      0x3d8 Drivers/STM32F1xx_HAL_Driver/Src/stm32f1xx_hal_gpio.o
 .debug_loc     0x0000000000002798     0x37c1 Drivers/STM32F1xx_HAL_Driver/Src/stm32f1xx_hal_i2c.o
 .debug_loc     0x0000000000005f59      0x4bb Drivers/STM32F1xx_HAL_Driver/Src/stm32f1xx_hal_rcc.o
 .debug_loc     0x0000000000006414      0x2d0 Drivers/STM32F1xx_HAL_Driver/Src/stm32f1xx_hal_rcc_ex.o
 .debug_loc     0x00000000000066e4     0x46c3 Drivers/STM32F1xx_HAL_Driver/Src/stm32f1xx_hal_tim.o
 .debug_loc     0x000000000000ada7     0x1a68 Drivers/STM32F1xx_HAL_Driver/Src/stm32f1xx_hal_tim_ex.o

.debug_aranges  0x0000000000000000      0xf40
 .debug_aranges
                0x0000000000000000       0x58 CommonSrc/DS18B20_One_Wire.o
 .debug_aranges
                0x0000000000000058       0x70 CommonSrc/HAL_Functions.o
 .debug_aranges
                0x00000000000000c8       0x98 CommonSrc/LCD_I2C.o
 .debug_aranges
                0x0000000000000160       0x28 CommonSrc/main_loop.o
 .debug_aranges
                0x0000000000000188       0x30 CommonSrc/temperature.o
 .debug_aranges
                0x00000000000001b8       0x38 CommonSrc/timer.o
 .debug_aranges
                0x00000000000001f0       0x70 Core/Src/main.o
 .debug_aranges
                0x0000000000000260       0x50 Core/Src/stm32f1xx_hal_msp.o
 .debug_aranges
                0x00000000000002b0       0x70 Core/Src/stm32f1xx_it.o
 .debug_aranges
                0x0000000000000320       0x28 Core/Src/system_stm32f1xx.o
 .debug_aranges
                0x0000000000000348       0x28 Core/Startup/startup_stm32f103rbtx.o
 .debug_aranges
                0x0000000000000370       0xe0 Drivers/STM32F1xx_HAL_Driver/Src/stm32f1xx_hal.o
 .debug_aranges
                0x0000000000000450       0xf0 Drivers/STM32F1xx_HAL_Driver/Src/stm32f1xx_hal_adc.o
 .debug_aranges
                0x0000000000000540       0x80 Drivers/STM32F1xx_HAL_Driver/Src/stm32f1xx_hal_adc_ex.o
 .debug_aranges
                0x00000000000005c0       0x90 Drivers/STM32F1xx_HAL_Driver/Src/stm32f1xx_hal_cortex.o
 .debug_aranges
                0x0000000000000650       0x58 Drivers/STM32F1xx_HAL_Driver/Src/stm32f1xx_hal_gpio.o
 .debug_aranges
                0x00000000000006a8      0x2a0 Drivers/STM32F1xx_HAL_Driver/Src/stm32f1xx_hal_i2c.o
 .debug_aranges
                0x0000000000000948       0x90 Drivers/STM32F1xx_HAL_Driver/Src/stm32f1xx_hal_rcc.o
 .debug_aranges
                0x00000000000009d8       0x30 Drivers/STM32F1xx_HAL_Driver/Src/stm32f1xx_hal_rcc_ex.o
 .debug_aranges
                0x0000000000000a08      0x3d0 Drivers/STM32F1xx_HAL_Driver/Src/stm32f1xx_hal_tim.o
 .debug_aranges
                0x0000000000000dd8      0x168 Drivers/STM32F1xx_HAL_Driver/Src/stm32f1xx_hal_tim_ex.o

.debug_ranges   0x0000000000000000      0xef8
 .debug_ranges  0x0000000000000000       0x60 CommonSrc/DS18B20_One_Wire.o
 .debug_ranges  0x0000000000000060       0x60 CommonSrc/HAL_Functions.o
 .debug_ranges  0x00000000000000c0       0xb8 CommonSrc/LCD_I2C.o
 .debug_ranges  0x0000000000000178       0x18 CommonSrc/main_loop.o
 .debug_ranges  0x0000000000000190       0x20 CommonSrc/temperature.o
 .debug_ranges  0x00000000000001b0       0x28 CommonSrc/timer.o
 .debug_ranges  0x00000000000001d8       0x60 Core/Src/main.o
 .debug_ranges  0x0000000000000238       0x40 Core/Src/stm32f1xx_hal_msp.o
 .debug_ranges  0x0000000000000278       0x60 Core/Src/stm32f1xx_it.o
 .debug_ranges  0x00000000000002d8       0x18 Core/Src/system_stm32f1xx.o
 .debug_ranges  0x00000000000002f0       0x20 Core/Startup/startup_stm32f103rbtx.o
 .debug_ranges  0x0000000000000310       0xd0 Drivers/STM32F1xx_HAL_Driver/Src/stm32f1xx_hal.o
 .debug_ranges  0x00000000000003e0       0xe0 Drivers/STM32F1xx_HAL_Driver/Src/stm32f1xx_hal_adc.o
 .debug_ranges  0x00000000000004c0       0x70 Drivers/STM32F1xx_HAL_Driver/Src/stm32f1xx_hal_adc_ex.o
 .debug_ranges  0x0000000000000530       0xe0 Drivers/STM32F1xx_HAL_Driver/Src/stm32f1xx_hal_cortex.o
 .debug_ranges  0x0000000000000610       0x48 Drivers/STM32F1xx_HAL_Driver/Src/stm32f1xx_hal_gpio.o
 .debug_ranges  0x0000000000000658      0x2b0 Drivers/STM32F1xx_HAL_Driver/Src/stm32f1xx_hal_i2c.o
 .debug_ranges  0x0000000000000908       0xa0 Drivers/STM32F1xx_HAL_Driver/Src/stm32f1xx_hal_rcc.o
 .debug_ranges  0x00000000000009a8       0x38 Drivers/STM32F1xx_HAL_Driver/Src/stm32f1xx_hal_rcc_ex.o
 .debug_ranges  0x00000000000009e0      0x3c0 Drivers/STM32F1xx_HAL_Driver/Src/stm32f1xx_hal_tim.o
 .debug_ranges  0x0000000000000da0      0x158 Drivers/STM32F1xx_HAL_Driver/Src/stm32f1xx_hal_tim_ex.o

.debug_macro    0x0000000000000000    0x18d4d
 .debug_macro   0x0000000000000000      0x158 CommonSrc/DS18B20_One_Wire.o
 .debug_macro   0x0000000000000158      0xa5a CommonSrc/DS18B20_One_Wire.o
 .debug_macro   0x0000000000000bb2       0x22 CommonSrc/DS18B20_One_Wire.o
 .debug_macro   0x0000000000000bd4       0x8e CommonSrc/DS18B20_One_Wire.o
 .debug_macro   0x0000000000000c62       0x51 CommonSrc/DS18B20_One_Wire.o
 .debug_macro   0x0000000000000cb3       0xef CommonSrc/DS18B20_One_Wire.o
 .debug_macro   0x0000000000000da2       0x6a CommonSrc/DS18B20_One_Wire.o
 .debug_macro   0x0000000000000e0c      0x1df CommonSrc/DS18B20_One_Wire.o
 .debug_macro   0x0000000000000feb       0x46 CommonSrc/DS18B20_One_Wire.o
 .debug_macro   0x0000000000001031       0x18 CommonSrc/DS18B20_One_Wire.o
 .debug_macro   0x0000000000001049       0x3c CommonSrc/DS18B20_One_Wire.o
 .debug_macro   0x0000000000001085       0x34 CommonSrc/DS18B20_One_Wire.o
 .debug_macro   0x00000000000010b9      0x174 CommonSrc/DS18B20_One_Wire.o
 .debug_macro   0x000000000000122d       0x52 CommonSrc/DS18B20_One_Wire.o
 .debug_macro   0x000000000000127f       0x1f CommonSrc/DS18B20_One_Wire.o
 .debug_macro   0x000000000000129e       0x43 CommonSrc/DS18B20_One_Wire.o
 .debug_macro   0x00000000000012e1       0x20 CommonSrc/DS18B20_One_Wire.o
 .debug_macro   0x0000000000001301      0x1a3 CommonSrc/DS18B20_One_Wire.o
 .debug_macro   0x00000000000014a4      0x330 CommonSrc/DS18B20_One_Wire.o
 .debug_macro   0x00000000000017d4      0x1e1 CommonSrc/DS18B20_One_Wire.o
 .debug_macro   0x00000000000019b5       0x16 CommonSrc/DS18B20_One_Wire.o
 .debug_macro   0x00000000000019cb       0x35 CommonSrc/DS18B20_One_Wire.o
 .debug_macro   0x0000000000001a00       0x20 CommonSrc/DS18B20_One_Wire.o
 .debug_macro   0x0000000000001a20      0x1ea CommonSrc/HAL_Functions.o
 .debug_macro   0x0000000000001c0a      0x221 CommonSrc/HAL_Functions.o
 .debug_macro   0x0000000000001e2b       0x2e CommonSrc/HAL_Functions.o
 .debug_macro   0x0000000000001e59       0x22 CommonSrc/HAL_Functions.o
 .debug_macro   0x0000000000001e7b       0x1c CommonSrc/HAL_Functions.o
 .debug_macro   0x0000000000001e97       0x22 CommonSrc/HAL_Functions.o
 .debug_macro   0x0000000000001eb9       0xc3 CommonSrc/HAL_Functions.o
 .debug_macro   0x0000000000001f7c      0xd23 CommonSrc/HAL_Functions.o
 .debug_macro   0x0000000000002c9f     0xe097 CommonSrc/HAL_Functions.o
 .debug_macro   0x0000000000010d36       0x43 CommonSrc/HAL_Functions.o
 .debug_macro   0x0000000000010d79     0x3468 CommonSrc/HAL_Functions.o
 .debug_macro   0x00000000000141e1       0x5c CommonSrc/HAL_Functions.o
 .debug_macro   0x000000000001423d      0x5be CommonSrc/HAL_Functions.o
 .debug_macro   0x00000000000147fb      0x289 CommonSrc/HAL_Functions.o
 .debug_macro   0x0000000000014a84      0x1cb CommonSrc/HAL_Functions.o
 .debug_macro   0x0000000000014c4f      0x114 CommonSrc/HAL_Functions.o
 .debug_macro   0x0000000000014d63      0x1b2 CommonSrc/HAL_Functions.o
 .debug_macro   0x0000000000014f15       0x27 CommonSrc/HAL_Functions.o
 .debug_macro   0x0000000000014f3c      0x136 CommonSrc/HAL_Functions.o
 .debug_macro   0x0000000000015072      0x1bc CommonSrc/HAL_Functions.o
 .debug_macro   0x000000000001522e       0x34 CommonSrc/HAL_Functions.o
 .debug_macro   0x0000000000015262       0x3c CommonSrc/HAL_Functions.o
 .debug_macro   0x000000000001529e       0x57 CommonSrc/HAL_Functions.o
 .debug_macro   0x00000000000152f5      0x46a CommonSrc/HAL_Functions.o
 .debug_macro   0x000000000001575f      0x1b5 CommonSrc/HAL_Functions.o
 .debug_macro   0x0000000000015914       0x88 CommonSrc/HAL_Functions.o
 .debug_macro   0x000000000001599c      0x241 CommonSrc/HAL_Functions.o
 .debug_macro   0x0000000000015bdd      0x287 CommonSrc/HAL_Functions.o
 .debug_macro   0x0000000000015e64      0x141 CommonSrc/HAL_Functions.o
 .debug_macro   0x0000000000015fa5      0x8d1 CommonSrc/HAL_Functions.o
 .debug_macro   0x0000000000016876       0x83 CommonSrc/HAL_Functions.o
 .debug_macro   0x00000000000168f9       0x76 CommonSrc/HAL_Functions.o
 .debug_macro   0x000000000001696f      0x28d CommonSrc/LCD_I2C.o
 .debug_macro   0x0000000000016bfc       0x10 CommonSrc/LCD_I2C.o
 .debug_macro   0x0000000000016c0c       0x10 CommonSrc/LCD_I2C.o
 .debug_macro   0x0000000000016c1c       0x58 CommonSrc/LCD_I2C.o
 .debug_macro   0x0000000000016c74       0x1c CommonSrc/LCD_I2C.o
 .debug_macro   0x0000000000016c90       0x10 CommonSrc/LCD_I2C.o
 .debug_macro   0x0000000000016ca0       0x1c CommonSrc/LCD_I2C.o
 .debug_macro   0x0000000000016cbc       0x52 CommonSrc/LCD_I2C.o
 .debug_macro   0x0000000000016d0e       0x40 CommonSrc/LCD_I2C.o
 .debug_macro   0x0000000000016d4e       0x10 CommonSrc/LCD_I2C.o
 .debug_macro   0x0000000000016d5e       0x40 CommonSrc/LCD_I2C.o
 .debug_macro   0x0000000000016d9e       0xd7 CommonSrc/LCD_I2C.o
 .debug_macro   0x0000000000016e75       0x1c CommonSrc/LCD_I2C.o
 .debug_macro   0x0000000000016e91       0x3d CommonSrc/LCD_I2C.o
 .debug_macro   0x0000000000016ece       0x16 CommonSrc/LCD_I2C.o
 .debug_macro   0x0000000000016ee4      0x145 CommonSrc/LCD_I2C.o
 .debug_macro   0x0000000000017029       0x16 CommonSrc/LCD_I2C.o
 .debug_macro   0x000000000001703f       0x16 CommonSrc/LCD_I2C.o
 .debug_macro   0x0000000000017055       0x29 CommonSrc/LCD_I2C.o
 .debug_macro   0x000000000001707e      0x1f0 CommonSrc/main_loop.o
 .debug_macro   0x000000000001726e       0x7f CommonSrc/temperature.o
 .debug_macro   0x00000000000172ed       0x73 CommonSrc/timer.o
 .debug_macro   0x0000000000017360      0x1f2 Core/Src/main.o
 .debug_macro   0x0000000000017552       0x70 Core/Src/main.o
 .debug_macro   0x00000000000175c2      0x1c6 Core/Src/stm32f1xx_hal_msp.o
 .debug_macro   0x0000000000017788      0x1d0 Core/Src/stm32f1xx_it.o
 .debug_macro   0x0000000000017958      0x1b7 Core/Src/system_stm32f1xx.o
 .debug_macro   0x0000000000017b0f      0x1db Drivers/STM32F1xx_HAL_Driver/Src/stm32f1xx_hal.o
 .debug_macro   0x0000000000017cea      0x1d4 Drivers/STM32F1xx_HAL_Driver/Src/stm32f1xx_hal_adc.o
 .debug_macro   0x0000000000017ebe      0x1c9 Drivers/STM32F1xx_HAL_Driver/Src/stm32f1xx_hal_adc_ex.o
 .debug_macro   0x0000000000018087      0x1b7 Drivers/STM32F1xx_HAL_Driver/Src/stm32f1xx_hal_cortex.o
 .debug_macro   0x000000000001823e      0x222 Drivers/STM32F1xx_HAL_Driver/Src/stm32f1xx_hal_gpio.o
 .debug_macro   0x0000000000018460      0x1fe Drivers/STM32F1xx_HAL_Driver/Src/stm32f1xx_hal_i2c.o
 .debug_macro   0x000000000001865e      0x1c9 Drivers/STM32F1xx_HAL_Driver/Src/stm32f1xx_hal_rcc.o
 .debug_macro   0x0000000000018827      0x1b7 Drivers/STM32F1xx_HAL_Driver/Src/stm32f1xx_hal_rcc_ex.o
 .debug_macro   0x00000000000189de      0x1b8 Drivers/STM32F1xx_HAL_Driver/Src/stm32f1xx_hal_tim.o
 .debug_macro   0x0000000000018b96      0x1b7 Drivers/STM32F1xx_HAL_Driver/Src/stm32f1xx_hal_tim_ex.o

.debug_line     0x0000000000000000     0xd600
 .debug_line    0x0000000000000000      0x646 CommonSrc/DS18B20_One_Wire.o
 .debug_line    0x0000000000000646      0x7bb CommonSrc/HAL_Functions.o
 .debug_line    0x0000000000000e01      0x864 CommonSrc/LCD_I2C.o
 .debug_line    0x0000000000001665      0x71f CommonSrc/main_loop.o
 .debug_line    0x0000000000001d84      0x3f1 CommonSrc/temperature.o
 .debug_line    0x0000000000002175      0x3ea CommonSrc/timer.o
 .debug_line    0x000000000000255f      0x80f Core/Src/main.o
 .debug_line    0x0000000000002d6e      0x757 Core/Src/stm32f1xx_hal_msp.o
 .debug_line    0x00000000000034c5      0x75b Core/Src/stm32f1xx_it.o
 .debug_line    0x0000000000003c20      0x6d1 Core/Src/system_stm32f1xx.o
 .debug_line    0x00000000000042f1       0x84 Core/Startup/startup_stm32f103rbtx.o
 .debug_line    0x0000000000004375      0x87b Drivers/STM32F1xx_HAL_Driver/Src/stm32f1xx_hal.o
 .debug_line    0x0000000000004bf0      0xbec Drivers/STM32F1xx_HAL_Driver/Src/stm32f1xx_hal_adc.o
 .debug_line    0x00000000000057dc      0xa3b Drivers/STM32F1xx_HAL_Driver/Src/stm32f1xx_hal_adc_ex.o
 .debug_line    0x0000000000006217      0x88a Drivers/STM32F1xx_HAL_Driver/Src/stm32f1xx_hal_cortex.o
 .debug_line    0x0000000000006aa1      0x84c Drivers/STM32F1xx_HAL_Driver/Src/stm32f1xx_hal_gpio.o
 .debug_line    0x00000000000072ed     0x1d7b Drivers/STM32F1xx_HAL_Driver/Src/stm32f1xx_hal_i2c.o
 .debug_line    0x0000000000009068      0x985 Drivers/STM32F1xx_HAL_Driver/Src/stm32f1xx_hal_rcc.o
 .debug_line    0x00000000000099ed      0x768 Drivers/STM32F1xx_HAL_Driver/Src/stm32f1xx_hal_rcc_ex.o
 .debug_line    0x000000000000a155     0x217f Drivers/STM32F1xx_HAL_Driver/Src/stm32f1xx_hal_tim.o
 .debug_line    0x000000000000c2d4     0x132c Drivers/STM32F1xx_HAL_Driver/Src/stm32f1xx_hal_tim_ex.o

.debug_str      0x0000000000000000    0x90c39
 .debug_str     0x0000000000000000     0x77c4 CommonSrc/DS18B20_One_Wire.o
                                       0x7a98 (size before relaxing)
 .debug_str     0x00000000000077c4    0x8417a CommonSrc/HAL_Functions.o
                                      0x8839c (size before relaxing)
 .debug_str     0x000000000008b93e     0x18f8 CommonSrc/LCD_I2C.o
                                       0x8891 (size before relaxing)
 .debug_str     0x000000000008d236       0x9f CommonSrc/main_loop.o
                                      0x8786f (size before relaxing)
 .debug_str     0x000000000008d2d5       0xcf CommonSrc/temperature.o
                                       0x3d30 (size before relaxing)
 .debug_str     0x000000000008d3a4       0x62 CommonSrc/timer.o
                                       0x3c85 (size before relaxing)
 .debug_str     0x000000000008d406      0x474 Core/Src/main.o
                                      0x886d1 (size before relaxing)
 .debug_str     0x000000000008d87a      0x389 Core/Src/stm32f1xx_hal_msp.o
                                      0x8851a (size before relaxing)
 .debug_str     0x000000000008dc03       0xff Core/Src/stm32f1xx_it.o
                                      0x88195 (size before relaxing)
 .debug_str     0x000000000008dd02       0x52 Core/Src/system_stm32f1xx.o
                                      0x876b3 (size before relaxing)
 .debug_str     0x000000000008dd54       0x36 Core/Startup/startup_stm32f103rbtx.o
                                         0x69 (size before relaxing)
 .debug_str     0x000000000008dd8a      0x315 Drivers/STM32F1xx_HAL_Driver/Src/stm32f1xx_hal.o
                                      0x87d89 (size before relaxing)
 .debug_str     0x000000000008e09f      0x343 Drivers/STM32F1xx_HAL_Driver/Src/stm32f1xx_hal_adc.o
                                      0x87dac (size before relaxing)
 .debug_str     0x000000000008e3e2      0x2d8 Drivers/STM32F1xx_HAL_Driver/Src/stm32f1xx_hal_adc_ex.o
                                      0x87d64 (size before relaxing)
 .debug_str     0x000000000008e6ba      0x294 Drivers/STM32F1xx_HAL_Driver/Src/stm32f1xx_hal_cortex.o
                                      0x87d4c (size before relaxing)
 .debug_str     0x000000000008e94e      0x2b0 Drivers/STM32F1xx_HAL_Driver/Src/stm32f1xx_hal_gpio.o
                                      0x87a77 (size before relaxing)
 .debug_str     0x000000000008ebfe      0xb52 Drivers/STM32F1xx_HAL_Driver/Src/stm32f1xx_hal_i2c.o
                                      0x88743 (size before relaxing)
 .debug_str     0x000000000008f750      0x209 Drivers/STM32F1xx_HAL_Driver/Src/stm32f1xx_hal_rcc.o
                                      0x87ad7 (size before relaxing)
 .debug_str     0x000000000008f959       0x84 Drivers/STM32F1xx_HAL_Driver/Src/stm32f1xx_hal_rcc_ex.o
                                      0x8785e (size before relaxing)
 .debug_str     0x000000000008f9dd      0xd83 Drivers/STM32F1xx_HAL_Driver/Src/stm32f1xx_hal_tim.o
                                      0x88ad5 (size before relaxing)
 .debug_str     0x0000000000090760      0x4d9 Drivers/STM32F1xx_HAL_Driver/Src/stm32f1xx_hal_tim_ex.o
                                      0x882ff (size before relaxing)

.comment        0x0000000000000000       0x7b
 .comment       0x0000000000000000       0x7b CommonSrc/DS18B20_One_Wire.o
                                         0x7c (size before relaxing)
 .comment       0x000000000000007b       0x7c CommonSrc/HAL_Functions.o
 .comment       0x000000000000007b       0x7c CommonSrc/LCD_I2C.o
 .comment       0x000000000000007b       0x7c CommonSrc/main_loop.o
 .comment       0x000000000000007b       0x7c CommonSrc/temperature.o
 .comment       0x000000000000007b       0x7c CommonSrc/timer.o
 .comment       0x000000000000007b       0x7c Core/Src/main.o
 .comment       0x000000000000007b       0x7c Core/Src/stm32f1xx_hal_msp.o
 .comment       0x000000000000007b       0x7c Core/Src/stm32f1xx_it.o
 .comment       0x000000000000007b       0x7c Core/Src/system_stm32f1xx.o
 .comment       0x000000000000007b       0x7c Drivers/STM32F1xx_HAL_Driver/Src/stm32f1xx_hal.o
 .comment       0x000000000000007b       0x7c Drivers/STM32F1xx_HAL_Driver/Src/stm32f1xx_hal_adc.o
 .comment       0x000000000000007b       0x7c Drivers/STM32F1xx_HAL_Driver/Src/stm32f1xx_hal_adc_ex.o
 .comment       0x000000000000007b       0x7c Drivers/STM32F1xx_HAL_Driver/Src/stm32f1xx_hal_cortex.o
 .comment       0x000000000000007b       0x7c Drivers/STM32F1xx_HAL_Driver/Src/stm32f1xx_hal_gpio.o
 .comment       0x000000000000007b       0x7c Drivers/STM32F1xx_HAL_Driver/Src/stm32f1xx_hal_i2c.o
 .comment       0x000000000000007b       0x7c Drivers/STM32F1xx_HAL_Driver/Src/stm32f1xx_hal_rcc.o
 .comment       0x000000000000007b       0x7c Drivers/STM32F1xx_HAL_Driver/Src/stm32f1xx_hal_rcc_ex.o
 .comment       0x000000000000007b       0x7c Drivers/STM32F1xx_HAL_Driver/Src/stm32f1xx_hal_tim.o
 .comment       0x000000000000007b       0x7c Drivers/STM32F1xx_HAL_Driver/Src/stm32f1xx_hal_tim_ex.o

.debug_frame    0x0000000000000000     0x2d44
 .debug_frame   0x0000000000000000       0xe8 CommonSrc/DS18B20_One_Wire.o
 .debug_frame   0x00000000000000e8      0x120 CommonSrc/HAL_Functions.o
 .debug_frame   0x0000000000000208      0x1f4 CommonSrc/LCD_I2C.o
 .debug_frame   0x00000000000003fc       0x3c CommonSrc/main_loop.o
 .debug_frame   0x0000000000000438       0x50 CommonSrc/temperature.o
 .debug_frame   0x0000000000000488       0x50 CommonSrc/timer.o
 .debug_frame   0x00000000000004d8      0x144 Core/Src/main.o
 .debug_frame   0x000000000000061c       0xd0 Core/Src/stm32f1xx_hal_msp.o
 .debug_frame   0x00000000000006ec       0xd8 Core/Src/stm32f1xx_it.o
 .debug_frame   0x00000000000007c4       0x30 Core/Src/system_stm32f1xx.o
 .debug_frame   0x00000000000007f4      0x1cc Drivers/STM32F1xx_HAL_Driver/Src/stm32f1xx_hal.o
 .debug_frame   0x00000000000009c0      0x2c4 Drivers/STM32F1xx_HAL_Driver/Src/stm32f1xx_hal_adc.o
 .debug_frame   0x0000000000000c84      0x190 Drivers/STM32F1xx_HAL_Driver/Src/stm32f1xx_hal_adc_ex.o
 .debug_frame   0x0000000000000e14      0x12c Drivers/STM32F1xx_HAL_Driver/Src/stm32f1xx_hal_cortex.o
 .debug_frame   0x0000000000000f40       0xe8 Drivers/STM32F1xx_HAL_Driver/Src/stm32f1xx_hal_gpio.o
 .debug_frame   0x0000000000001028      0x948 Drivers/STM32F1xx_HAL_Driver/Src/stm32f1xx_hal_i2c.o
 .debug_frame   0x0000000000001970      0x198 Drivers/STM32F1xx_HAL_Driver/Src/stm32f1xx_hal_rcc.o
 .debug_frame   0x0000000000001b08       0x6c Drivers/STM32F1xx_HAL_Driver/Src/stm32f1xx_hal_rcc_ex.o
 .debug_frame   0x0000000000001b74      0xb8c Drivers/STM32F1xx_HAL_Driver/Src/stm32f1xx_hal_tim.o
 .debug_frame   0x0000000000002700      0x474 Drivers/STM32F1xx_HAL_Driver/Src/stm32f1xx_hal_tim_ex.o
 .debug_frame   0x0000000000002b74       0x2c c:/st/stm32cubeide_1.1.0/stm32cubeide/plugins/com.st.stm32cube.ide.mcu.externaltools.gnu-tools-for-stm32.7-2018-q2-update.win32_1.0.0.201904181610/tools/bin/../lib/gcc/arm-none-eabi/7.3.1/../../../../arm-none-eabi/lib/thumb/v7-m\libc_nano.a(lib_a-init.o)
 .debug_frame   0x0000000000002ba0       0xac c:/st/stm32cubeide_1.1.0/stm32cubeide/plugins/com.st.stm32cube.ide.mcu.externaltools.gnu-tools-for-stm32.7-2018-q2-update.win32_1.0.0.201904181610/tools/bin/../lib/gcc/arm-none-eabi/7.3.1/thumb/v7-m\libgcc.a(_arm_addsubdf3.o)
 .debug_frame   0x0000000000002c4c       0x50 c:/st/stm32cubeide_1.1.0/stm32cubeide/plugins/com.st.stm32cube.ide.mcu.externaltools.gnu-tools-for-stm32.7-2018-q2-update.win32_1.0.0.201904181610/tools/bin/../lib/gcc/arm-none-eabi/7.3.1/thumb/v7-m\libgcc.a(_arm_muldivdf3.o)
 .debug_frame   0x0000000000002c9c       0x24 c:/st/stm32cubeide_1.1.0/stm32cubeide/plugins/com.st.stm32cube.ide.mcu.externaltools.gnu-tools-for-stm32.7-2018-q2-update.win32_1.0.0.201904181610/tools/bin/../lib/gcc/arm-none-eabi/7.3.1/thumb/v7-m\libgcc.a(_arm_truncdfsf2.o)
 .debug_frame   0x0000000000002cc0       0x4c c:/st/stm32cubeide_1.1.0/stm32cubeide/plugins/com.st.stm32cube.ide.mcu.externaltools.gnu-tools-for-stm32.7-2018-q2-update.win32_1.0.0.201904181610/tools/bin/../lib/gcc/arm-none-eabi/7.3.1/thumb/v7-m\libgcc.a(_arm_addsubsf3.o)
 .debug_frame   0x0000000000002d0c       0x38 c:/st/stm32cubeide_1.1.0/stm32cubeide/plugins/com.st.stm32cube.ide.mcu.externaltools.gnu-tools-for-stm32.7-2018-q2-update.win32_1.0.0.201904181610/tools/bin/../lib/gcc/arm-none-eabi/7.3.1/thumb/v7-m\libgcc.a(_arm_muldivsf3.o)
