main.cpp:91:5:int main()	8	static
main.cpp:143:6:void SystemClock_Config()	88	static
main.cpp:188:13:void MX_ADC1_Init()	24	static
main.cpp:241:13:void MX_I2C1_Init()	8	static
main.cpp:275:13:void MX_TIM2_Init()	32	static
main.cpp:320:13:void MX_TIM3_Init()	32	static
main.cpp:363:13:void MX_DMA_Init()	16	static
main.cpp:381:13:void MX_GPIO_Init()	40	static
main.cpp:436:6:void HAL_GPIO_EXTI_Callback(uint16_t)	16	static
main.cpp:441:6:void HAL_TIM_PeriodElapsedCallback(TIM_HandleTypeDef*)	16	static
main.cpp:446:6:void HAL_ADC_ConvCpltCallback(ADC_HandleTypeDef*)	16	static
main.cpp:457:6:void Error_Handler()	4	static
