HAL_Functions.cpp:35:6:void Hardware_Init()	8	static
HAL_Functions.cpp:51:6:void Timers_Callback_Service(TIM_HandleTypeDef*)	16	static
HAL_Functions.cpp:59:6:void GPIOs_Callback_Service(uint16_t)	16	static,ignoring_inline_asm
HAL_Functions.cpp:71:9:uint8_t Transmit_For_LCD(uint16_t, uint8_t*, size_t, uint32_t)	32	static
HAL_Functions.cpp:76:6:void Delay_In_Milis(uint32_t)	16	static
HAL_Functions.cpp:81:6:void I2C_Reinit_For_LCD()	8	static
HAL_Functions.cpp:88:6:void Delays_us(uint16_t)	16	static
HAL_Functions.cpp:95:6:void Set_Pin_Output(uint8_t)	32	static
HAL_Functions.cpp:107:6:void Set_Pin_Input(uint8_t)	32	static
HAL_Functions.cpp:119:6:void Write_Pin(uint8_t, uint8_t)	16	static
HAL_Functions.cpp:126:9:uint8_t Read_Pin(uint8_t)	16	static
