HAL_Functions.c:34:6:Hardware_Init	8	static
HAL_Functions.c:49:6:Timers_Callback_Service	8	static
HAL_Functions.c:57:6:GPIOs_Callback_Service	8	static,ignoring_inline_asm
HAL_Functions.c:69:9:Transmit_For_LCD	16	static
HAL_Functions.c:74:6:Delay_In_Milis	8	static
HAL_Functions.c:79:6:I2C_Reinit_For_LCD	8	static
HAL_Functions.c:86:6:Delays_us	0	static
HAL_Functions.c:93:6:Set_Pin_Output	24	static
HAL_Functions.c:105:6:Set_Pin_Input	24	static
HAL_Functions.c:117:6:Write_Pin	8	static
HAL_Functions.c:124:9:Read_Pin	8	static
