LCD_I2C.cpp:92:13:void Communication_Init()	8	static
LCD_I2C.cpp:119:6:void LCD_I2C_Init(uint8_t (*)(uint16_t, uint8_t*, size_t, uint32_t), void (*)(uint32_t), void (*)())	24	static
LCD_I2C.cpp:128:6:void LCD_Set_Shifting_Time(uint16_t)	16	static
LCD_I2C.cpp:133:6:void LCD_Print_With_Position(char*, uint8_t, uint8_t)	16	static
LCD_I2C.cpp:150:6:)	16	static
LCD_I2C.cpp:174:6:void LCD_Print_In_Separately_Line(const char*, uint8_t)	24	static
LCD_I2C.cpp:249:6:void LCD_Clear()	8	static
LCD_I2C.cpp:255:6:void LCD_Service()	8	static
LCD_I2C.cpp:296:13:void LCD_Send_Cmd(uint8_t)	32	static
LCD_I2C.cpp:313:13:void LCD_Send_Data(char)	32	static
LCD_I2C.cpp:326:13:void LCD_Send_String(const char*)	24	static
LCD_I2C.cpp:368:13:void LCD_Send_String_2(const char*, uint8_t)	16	static
LCD_I2C.cpp:377:13:void Set_Blank_Line(uint8_t)	24	static
LCD_I2C.cpp:393:13:void Separately_Lines_Service()	16	static
LCD_I2C.cpp:424:13:void Multi_Line_Service(uint8_t)	32	static
