LCD_I2C.c:57:6:LCD_I2C_Init	8	static
LCD_I2C.c:84:6:LCD_Set_Shifting_Time	16	static
LCD_I2C.c:89:6:LCD_Print_With_Position	16	static
LCD_I2C.c:105:6:LCD_Print_MultiLines	16	static
LCD_I2C.c:129:6:LCD_Print_In_Separately_Line	24	static
LCD_I2C.c:204:6:LCD_Clear	8	static
LCD_I2C.c:210:6:LCD_Service	8	static
LCD_I2C.c:255:13:lcd_send_cmd	32	static
LCD_I2C.c:273:13:lcd_send_data	32	static
LCD_I2C.c:287:13:lcd_send_string	16	static
LCD_I2C.c:293:13:lcd_send_string_2	16	static
LCD_I2C.c:302:13:Set_Blank_Line	24	static
LCD_I2C.c:318:13:Two_Lines_Separately_Service	16	static
LCD_I2C.c:349:13:Multi_Line_Service	32	static
