LCD_I2C.c:61:6:LCD_I2C_Init	8	static
LCD_I2C.c:86:6:LCD_Set_Shifting_Time	16	static
LCD_I2C.c:91:6:LCD_Print_With_Position	16	static
LCD_I2C.c:103:6:LCD_Print_MultiLines	16	static
LCD_I2C.c:114:6:LCD_Print_In_Separately_Line	16	static
LCD_I2C.c:170:6:LCD_Clear	8	static
LCD_I2C.c:175:6:LCD_Service	8	static
LCD_I2C.c:187:13:lcd_send_cmd	32	static
LCD_I2C.c:204:13:lcd_send_data	32	static
LCD_I2C.c:217:13:lcd_send_string	16	static
LCD_I2C.c:223:13:lcd_send_string_2	16	static
LCD_I2C.c:232:13:Set_Blank_Line	24	static
LCD_I2C.c:248:13:Two_Lines_Separately_Service	16	static
LCD_I2C.c:279:13:Multi_Line_Service	32	static
